Archive member included to satisfy reference by file (symbol)

/opt/st/stm32cubeide_1.7.0/plugins/com.st.stm32cube.ide.mcu.externaltools.gnu-tools-for-stm32.9-2020-q2-update.linux64_2.0.0.202105311346/tools/bin/../lib/gcc/arm-none-eabi/9.3.1/../../../../arm-none-eabi/lib/thumb/v7-m/nofp/libc_nano.a(lib_a-errno.o)
                              ./Core/Src/syscalls.o (__errno)
/opt/st/stm32cubeide_1.7.0/plugins/com.st.stm32cube.ide.mcu.externaltools.gnu-tools-for-stm32.9-2020-q2-update.linux64_2.0.0.202105311346/tools/bin/../lib/gcc/arm-none-eabi/9.3.1/../../../../arm-none-eabi/lib/thumb/v7-m/nofp/libc_nano.a(lib_a-exit.o)
                              /opt/st/stm32cubeide_1.7.0/plugins/com.st.stm32cube.ide.mcu.externaltools.gnu-tools-for-stm32.9-2020-q2-update.linux64_2.0.0.202105311346/tools/bin/../lib/gcc/arm-none-eabi/9.3.1/../../../../arm-none-eabi/lib/thumb/v7-m/nofp/crt0.o (exit)
/opt/st/stm32cubeide_1.7.0/plugins/com.st.stm32cube.ide.mcu.externaltools.gnu-tools-for-stm32.9-2020-q2-update.linux64_2.0.0.202105311346/tools/bin/../lib/gcc/arm-none-eabi/9.3.1/../../../../arm-none-eabi/lib/thumb/v7-m/nofp/libc_nano.a(lib_a-impure.o)
                              /opt/st/stm32cubeide_1.7.0/plugins/com.st.stm32cube.ide.mcu.externaltools.gnu-tools-for-stm32.9-2020-q2-update.linux64_2.0.0.202105311346/tools/bin/../lib/gcc/arm-none-eabi/9.3.1/../../../../arm-none-eabi/lib/thumb/v7-m/nofp/libc_nano.a(lib_a-exit.o) (_global_impure_ptr)
/opt/st/stm32cubeide_1.7.0/plugins/com.st.stm32cube.ide.mcu.externaltools.gnu-tools-for-stm32.9-2020-q2-update.linux64_2.0.0.202105311346/tools/bin/../lib/gcc/arm-none-eabi/9.3.1/../../../../arm-none-eabi/lib/thumb/v7-m/nofp/libc_nano.a(lib_a-init.o)
                              /opt/st/stm32cubeide_1.7.0/plugins/com.st.stm32cube.ide.mcu.externaltools.gnu-tools-for-stm32.9-2020-q2-update.linux64_2.0.0.202105311346/tools/bin/../lib/gcc/arm-none-eabi/9.3.1/../../../../arm-none-eabi/lib/thumb/v7-m/nofp/crt0.o (__libc_init_array)
/opt/st/stm32cubeide_1.7.0/plugins/com.st.stm32cube.ide.mcu.externaltools.gnu-tools-for-stm32.9-2020-q2-update.linux64_2.0.0.202105311346/tools/bin/../lib/gcc/arm-none-eabi/9.3.1/../../../../arm-none-eabi/lib/thumb/v7-m/nofp/libc_nano.a(lib_a-memset.o)
                              /opt/st/stm32cubeide_1.7.0/plugins/com.st.stm32cube.ide.mcu.externaltools.gnu-tools-for-stm32.9-2020-q2-update.linux64_2.0.0.202105311346/tools/bin/../lib/gcc/arm-none-eabi/9.3.1/../../../../arm-none-eabi/lib/thumb/v7-m/nofp/crt0.o (memset)

Allocating common symbols
Common symbol       size              file

hUsbDeviceFS        0x2c4             ./USB_DEVICE/App/usb_device.o
uwTick              0x4               ./Drivers/STM32F1xx_HAL_Driver/Src/stm32f1xx_hal.o
pFlash              0x20              ./Drivers/STM32F1xx_HAL_Driver/Src/stm32f1xx_hal_flash.o
htim3               0x48              ./Core/Src/main.o
htim2               0x48              ./Core/Src/main.o
hpcd_USB_FS         0x2ec             ./USB_DEVICE/Target/usbd_conf.o
keys                0x18              ./Core/Src/main.o
USBD_StrDesc        0x200             ./USB_DEVICE/App/usbd_desc.o

Discarded input sections

 .text          0x0000000000000000        0x0 /opt/st/stm32cubeide_1.7.0/plugins/com.st.stm32cube.ide.mcu.externaltools.gnu-tools-for-stm32.9-2020-q2-update.linux64_2.0.0.202105311346/tools/bin/../lib/gcc/arm-none-eabi/9.3.1/thumb/v7-m/nofp/crti.o
 .data          0x0000000000000000        0x0 /opt/st/stm32cubeide_1.7.0/plugins/com.st.stm32cube.ide.mcu.externaltools.gnu-tools-for-stm32.9-2020-q2-update.linux64_2.0.0.202105311346/tools/bin/../lib/gcc/arm-none-eabi/9.3.1/thumb/v7-m/nofp/crti.o
 .bss           0x0000000000000000        0x0 /opt/st/stm32cubeide_1.7.0/plugins/com.st.stm32cube.ide.mcu.externaltools.gnu-tools-for-stm32.9-2020-q2-update.linux64_2.0.0.202105311346/tools/bin/../lib/gcc/arm-none-eabi/9.3.1/thumb/v7-m/nofp/crti.o
 .data          0x0000000000000000        0x4 /opt/st/stm32cubeide_1.7.0/plugins/com.st.stm32cube.ide.mcu.externaltools.gnu-tools-for-stm32.9-2020-q2-update.linux64_2.0.0.202105311346/tools/bin/../lib/gcc/arm-none-eabi/9.3.1/thumb/v7-m/nofp/crtbegin.o
 .text          0x0000000000000000       0x7c /opt/st/stm32cubeide_1.7.0/plugins/com.st.stm32cube.ide.mcu.externaltools.gnu-tools-for-stm32.9-2020-q2-update.linux64_2.0.0.202105311346/tools/bin/../lib/gcc/arm-none-eabi/9.3.1/../../../../arm-none-eabi/lib/thumb/v7-m/nofp/crt0.o
 .data          0x0000000000000000        0x0 /opt/st/stm32cubeide_1.7.0/plugins/com.st.stm32cube.ide.mcu.externaltools.gnu-tools-for-stm32.9-2020-q2-update.linux64_2.0.0.202105311346/tools/bin/../lib/gcc/arm-none-eabi/9.3.1/../../../../arm-none-eabi/lib/thumb/v7-m/nofp/crt0.o
 .bss           0x0000000000000000        0x0 /opt/st/stm32cubeide_1.7.0/plugins/com.st.stm32cube.ide.mcu.externaltools.gnu-tools-for-stm32.9-2020-q2-update.linux64_2.0.0.202105311346/tools/bin/../lib/gcc/arm-none-eabi/9.3.1/../../../../arm-none-eabi/lib/thumb/v7-m/nofp/crt0.o
[...]
Memory Configuration

Name             Origin             Length             Attributes
RAM              0x0000000020000000 0x0000000000005000 xrw
FLASH            0x0000000008000000 0x0000000000020000 xr
*default*        0x0000000000000000 0xffffffffffffffff

Linker script and memory map

LOAD /opt/st/stm32cubeide_1.7.0/plugins/com.st.stm32cube.ide.mcu.externaltools.gnu-tools-for-stm32.9-2020-q2-update.linux64_2.0.0.202105311346/tools/bin/../lib/gcc/arm-none-eabi/9.3.1/thumb/v7-m/nofp/crti.o
LOAD /opt/st/stm32cubeide_1.7.0/plugins/com.st.stm32cube.ide.mcu.externaltools.gnu-tools-for-stm32.9-2020-q2-update.linux64_2.0.0.202105311346/tools/bin/../lib/gcc/arm-none-eabi/9.3.1/thumb/v7-m/nofp/crtbegin.o
LOAD /opt/st/stm32cubeide_1.7.0/plugins/com.st.stm32cube.ide.mcu.externaltools.gnu-tools-for-stm32.9-2020-q2-update.linux64_2.0.0.202105311346/tools/bin/../lib/gcc/arm-none-eabi/9.3.1/../../../../arm-none-eabi/lib/thumb/v7-m/nofp/crt0.o
LOAD ./Core/Src/main.o
LOAD ./Core/Src/stm32f1xx_hal_msp.o
LOAD ./Core/Src/stm32f1xx_it.o
LOAD ./Core/Src/syscalls.o
LOAD ./Core/Src/sysmem.o
LOAD ./Core/Src/system_stm32f1xx.o
LOAD ./Core/Startup/startup_stm32f103cbtx.o
LOAD ./Drivers/STM32F1xx_HAL_Driver/Src/stm32f1xx_hal.o
LOAD ./Drivers/STM32F1xx_HAL_Driver/Src/stm32f1xx_hal_cortex.o
LOAD ./Drivers/STM32F1xx_HAL_Driver/Src/stm32f1xx_hal_dma.o
LOAD ./Drivers/STM32F1xx_HAL_Driver/Src/stm32f1xx_hal_exti.o
LOAD ./Drivers/STM32F1xx_HAL_Driver/Src/stm32f1xx_hal_flash.o
LOAD ./Drivers/STM32F1xx_HAL_Driver/Src/stm32f1xx_hal_flash_ex.o
LOAD ./Drivers/STM32F1xx_HAL_Driver/Src/stm32f1xx_hal_gpio.o
LOAD ./Drivers/STM32F1xx_HAL_Driver/Src/stm32f1xx_hal_gpio_ex.o
LOAD ./Drivers/STM32F1xx_HAL_Driver/Src/stm32f1xx_hal_pcd.o
LOAD ./Drivers/STM32F1xx_HAL_Driver/Src/stm32f1xx_hal_pcd_ex.o
LOAD ./Drivers/STM32F1xx_HAL_Driver/Src/stm32f1xx_hal_pwr.o
LOAD ./Drivers/STM32F1xx_HAL_Driver/Src/stm32f1xx_hal_rcc.o
LOAD ./Drivers/STM32F1xx_HAL_Driver/Src/stm32f1xx_hal_rcc_ex.o
LOAD ./Drivers/STM32F1xx_HAL_Driver/Src/stm32f1xx_hal_tim.o
LOAD ./Drivers/STM32F1xx_HAL_Driver/Src/stm32f1xx_hal_tim_ex.o
LOAD ./Drivers/STM32F1xx_HAL_Driver/Src/stm32f1xx_ll_usb.o
LOAD ./Middlewares/ST/STM32_USB_Device_Library/Class/HID/Src/usbd_hid.o
LOAD ./Middlewares/ST/STM32_USB_Device_Library/Core/Src/usbd_core.o
LOAD ./Middlewares/ST/STM32_USB_Device_Library/Core/Src/usbd_ctlreq.o
LOAD ./Middlewares/ST/STM32_USB_Device_Library/Core/Src/usbd_ioreq.o
LOAD ./USB_DEVICE/App/usb_device.o
LOAD ./USB_DEVICE/App/usbd_desc.o
LOAD ./USB_DEVICE/Target/usbd_conf.o
START GROUP
LOAD /opt/st/stm32cubeide_1.7.0/plugins/com.st.stm32cube.ide.mcu.externaltools.gnu-tools-for-stm32.9-2020-q2-update.linux64_2.0.0.202105311346/tools/bin/../lib/gcc/arm-none-eabi/9.3.1/../../../../arm-none-eabi/lib/thumb/v7-m/nofp/libstdc++_nano.a
LOAD /opt/st/stm32cubeide_1.7.0/plugins/com.st.stm32cube.ide.mcu.externaltools.gnu-tools-for-stm32.9-2020-q2-update.linux64_2.0.0.202105311346/tools/bin/../lib/gcc/arm-none-eabi/9.3.1/../../../../arm-none-eabi/lib/thumb/v7-m/nofp/libsupc++_nano.a
END GROUP
LOAD /opt/st/stm32cubeide_1.7.0/plugins/com.st.stm32cube.ide.mcu.externaltools.gnu-tools-for-stm32.9-2020-q2-update.linux64_2.0.0.202105311346/tools/bin/../lib/gcc/arm-none-eabi/9.3.1/../../../../arm-none-eabi/lib/thumb/v7-m/nofp/libstdc++_nano.a
LOAD /opt/st/stm32cubeide_1.7.0/plugins/com.st.stm32cube.ide.mcu.externaltools.gnu-tools-for-stm32.9-2020-q2-update.linux64_2.0.0.202105311346/tools/bin/../lib/gcc/arm-none-eabi/9.3.1/../../../../arm-none-eabi/lib/thumb/v7-m/nofp/libm.a
LOAD /opt/st/stm32cubeide_1.7.0/plugins/com.st.stm32cube.ide.mcu.externaltools.gnu-tools-for-stm32.9-2020-q2-update.linux64_2.0.0.202105311346/tools/bin/../lib/gcc/arm-none-eabi/9.3.1/../../../../arm-none-eabi/lib/thumb/v7-m/nofp/libc_nano.a
START GROUP
LOAD /opt/st/stm32cubeide_1.7.0/plugins/com.st.stm32cube.ide.mcu.externaltools.gnu-tools-for-stm32.9-2020-q2-update.linux64_2.0.0.202105311346/tools/bin/../lib/gcc/arm-none-eabi/9.3.1/thumb/v7-m/nofp/libgcc.a
LOAD /opt/st/stm32cubeide_1.7.0/plugins/com.st.stm32cube.ide.mcu.externaltools.gnu-tools-for-stm32.9-2020-q2-update.linux64_2.0.0.202105311346/tools/bin/../lib/gcc/arm-none-eabi/9.3.1/../../../../arm-none-eabi/lib/thumb/v7-m/nofp/libc_nano.a
END GROUP
START GROUP
LOAD /opt/st/stm32cubeide_1.7.0/plugins/com.st.stm32cube.ide.mcu.externaltools.gnu-tools-for-stm32.9-2020-q2-update.linux64_2.0.0.202105311346/tools/bin/../lib/gcc/arm-none-eabi/9.3.1/thumb/v7-m/nofp/libgcc.a
LOAD /opt/st/stm32cubeide_1.7.0/plugins/com.st.stm32cube.ide.mcu.externaltools.gnu-tools-for-stm32.9-2020-q2-update.linux64_2.0.0.202105311346/tools/bin/../lib/gcc/arm-none-eabi/9.3.1/../../../../arm-none-eabi/lib/thumb/v7-m/nofp/libc_nano.a
LOAD /opt/st/stm32cubeide_1.7.0/plugins/com.st.stm32cube.ide.mcu.externaltools.gnu-tools-for-stm32.9-2020-q2-update.linux64_2.0.0.202105311346/tools/bin/../lib/gcc/arm-none-eabi/9.3.1/../../../../arm-none-eabi/lib/thumb/v7-m/nofp/libnosys.a
END GROUP
START GROUP
LOAD /opt/st/stm32cubeide_1.7.0/plugins/com.st.stm32cube.ide.mcu.externaltools.gnu-tools-for-stm32.9-2020-q2-update.linux64_2.0.0.202105311346/tools/bin/../lib/gcc/arm-none-eabi/9.3.1/thumb/v7-m/nofp/libgcc.a
LOAD /opt/st/stm32cubeide_1.7.0/plugins/com.st.stm32cube.ide.mcu.externaltools.gnu-tools-for-stm32.9-2020-q2-update.linux64_2.0.0.202105311346/tools/bin/../lib/gcc/arm-none-eabi/9.3.1/../../../../arm-none-eabi/lib/thumb/v7-m/nofp/libc_nano.a
LOAD /opt/st/stm32cubeide_1.7.0/plugins/com.st.stm32cube.ide.mcu.externaltools.gnu-tools-for-stm32.9-2020-q2-update.linux64_2.0.0.202105311346/tools/bin/../lib/gcc/arm-none-eabi/9.3.1/../../../../arm-none-eabi/lib/thumb/v7-m/nofp/libnosys.a
END GROUP
LOAD /opt/st/stm32cubeide_1.7.0/plugins/com.st.stm32cube.ide.mcu.externaltools.gnu-tools-for-stm32.9-2020-q2-update.linux64_2.0.0.202105311346/tools/bin/../lib/gcc/arm-none-eabi/9.3.1/thumb/v7-m/nofp/crtend.o
LOAD /opt/st/stm32cubeide_1.7.0/plugins/com.st.stm32cube.ide.mcu.externaltools.gnu-tools-for-stm32.9-2020-q2-update.linux64_2.0.0.202105311346/tools/bin/../lib/gcc/arm-none-eabi/9.3.1/thumb/v7-m/nofp/crtn.o
                0x0000000020005000                _estack = (ORIGIN (RAM) + LENGTH (RAM))
                0x0000000000000200                _Min_Heap_Size = 0x200
                0x0000000000000400                _Min_Stack_Size = 0x400

.isr_vector     0x0000000008000000      0x10c
                0x0000000008000000                . = ALIGN (0x4)
 *(.isr_vector)
 .isr_vector    0x0000000008000000      0x10c ./Core/Startup/startup_stm32f103cbtx.o
                0x0000000008000000                g_pfnVectors
                0x000000000800010c                . = ALIGN (0x4)

.text           0x000000000800010c     0x7860
                0x000000000800010c                . = ALIGN (0x4)
 *(.text)
 .text          0x000000000800010c       0x40 /opt/st/stm32cubeide_1.7.0/plugins/com.st.stm32cube.ide.mcu.externaltools.gnu-tools-for-stm32.9-2020-q2-update.linux64_2.0.0.202105311346/tools/bin/../lib/gcc/arm-none-eabi/9.3.1/thumb/v7-m/nofp/crtbegin.o
 *(.text*)
 .text.main     0x000000000800014c       0x58 ./Core/Src/main.o
                0x000000000800014c                main
 .text.SystemClock_Config
                0x00000000080001a4       0xb6 ./Core/Src/main.o
                0x00000000080001a4                SystemClock_Config
 *fill*         0x000000000800025a        0x2 
 .text.MX_TIM2_Init
                0x000000000800025c       0x98 ./Core/Src/main.o
 .text.MX_TIM3_Init
                0x00000000080002f4       0x9c ./Core/Src/main.o
 .text.MX_GPIO_Init
                0x0000000008000390       0xb4 ./Core/Src/main.o
 .text.HAL_TIM_PeriodElapsedCallback
                0x0000000008000444      0x1bc ./Core/Src/main.o
                0x0000000008000444                HAL_TIM_PeriodElapsedCallback
 .text.Error_Handler
                0x0000000008000600        0xa ./Core/Src/main.o
                0x0000000008000600                Error_Handler
 *fill*         0x000000000800060a        0x2 
 .text.HAL_MspInit
                0x000000000800060c       0x64 ./Core/Src/stm32f1xx_hal_msp.o
                0x000000000800060c                HAL_MspInit
 .text.HAL_TIM_Base_MspInit
                0x0000000008000670       0x80 ./Core/Src/stm32f1xx_hal_msp.o
                0x0000000008000670                HAL_TIM_Base_MspInit
 .text.NMI_Handler
                0x00000000080006f0        0x6 ./Core/Src/stm32f1xx_it.o
                0x00000000080006f0                NMI_Handler
 .text.HardFault_Handler
                0x00000000080006f6        0x6 ./Core/Src/stm32f1xx_it.o
                0x00000000080006f6                HardFault_Handler
 .text.MemManage_Handler
                0x00000000080006fc        0x6 ./Core/Src/stm32f1xx_it.o
                0x00000000080006fc                MemManage_Handler
 .text.BusFault_Handler
                0x0000000008000702        0x6 ./Core/Src/stm32f1xx_it.o
                0x0000000008000702                BusFault_Handler
 .text.UsageFault_Handler
                0x0000000008000708        0x6 ./Core/Src/stm32f1xx_it.o
                0x0000000008000708                UsageFault_Handler
 .text.SVC_Handler
                0x000000000800070e        0xc ./Core/Src/stm32f1xx_it.o
                0x000000000800070e                SVC_Handler
 .text.DebugMon_Handler
                0x000000000800071a        0xc ./Core/Src/stm32f1xx_it.o
                0x000000000800071a                DebugMon_Handler
 .text.PendSV_Handler
                0x0000000008000726        0xc ./Core/Src/stm32f1xx_it.o
                0x0000000008000726                PendSV_Handler
 .text.SysTick_Handler
                0x0000000008000732        0xc ./Core/Src/stm32f1xx_it.o
                0x0000000008000732                SysTick_Handler
 *fill*         0x000000000800073e        0x2 
 .text.USB_LP_CAN1_RX0_IRQHandler
                0x0000000008000740       0x14 ./Core/Src/stm32f1xx_it.o
                0x0000000008000740                USB_LP_CAN1_RX0_IRQHandler
 .text.TIM2_IRQHandler
                0x0000000008000754       0x14 ./Core/Src/stm32f1xx_it.o
                0x0000000008000754                TIM2_IRQHandler
 .text.TIM3_IRQHandler
                0x0000000008000768       0x14 ./Core/Src/stm32f1xx_it.o
                0x0000000008000768                TIM3_IRQHandler
 .text.SystemInit
                0x000000000800077c        0xc ./Core/Src/system_stm32f1xx.o
                0x000000000800077c                SystemInit
 .text.Reset_Handler
                0x0000000008000788       0x48 ./Core/Startup/startup_stm32f103cbtx.o
                0x0000000008000788                Reset_Handler
 .text.Default_Handler
                0x00000000080007d0        0x2 ./Core/Startup/startup_stm32f103cbtx.o
                0x00000000080007d0                RTC_Alarm_IRQHandler
                0x00000000080007d0                EXTI2_IRQHandler
                0x00000000080007d0                TIM1_CC_IRQHandler
                0x00000000080007d0                PVD_IRQHandler
                0x00000000080007d0                EXTI3_IRQHandler
                0x00000000080007d0                EXTI0_IRQHandler
                0x00000000080007d0                I2C2_EV_IRQHandler
                0x00000000080007d0                ADC1_2_IRQHandler
                0x00000000080007d0                SPI1_IRQHandler
                0x00000000080007d0                TAMPER_IRQHandler
                0x00000000080007d0                DMA1_Channel4_IRQHandler
                0x00000000080007d0                USART3_IRQHandler
                0x00000000080007d0                RTC_IRQHandler
                0x00000000080007d0                DMA1_Channel7_IRQHandler
                0x00000000080007d0                CAN1_RX1_IRQHandler
                0x00000000080007d0                TIM4_IRQHandler
                0x00000000080007d0                I2C1_EV_IRQHandler
                0x00000000080007d0                DMA1_Channel6_IRQHandler
                0x00000000080007d0                RCC_IRQHandler
                0x00000000080007d0                TIM1_TRG_COM_IRQHandler
                0x00000000080007d0                DMA1_Channel1_IRQHandler
                0x00000000080007d0                Default_Handler
                0x00000000080007d0                EXTI15_10_IRQHandler
                0x00000000080007d0                EXTI9_5_IRQHandler
                0x00000000080007d0                SPI2_IRQHandler
                0x00000000080007d0                DMA1_Channel5_IRQHandler
                0x00000000080007d0                EXTI4_IRQHandler
                0x00000000080007d0                USB_HP_CAN1_TX_IRQHandler
                0x00000000080007d0                DMA1_Channel3_IRQHandler
                0x00000000080007d0                TIM1_UP_IRQHandler
                0x00000000080007d0                WWDG_IRQHandler
                0x00000000080007d0                TIM1_BRK_IRQHandler
                0x00000000080007d0                EXTI1_IRQHandler
                0x00000000080007d0                USART2_IRQHandler
                0x00000000080007d0                I2C2_ER_IRQHandler
                0x00000000080007d0                DMA1_Channel2_IRQHandler
                0x00000000080007d0                CAN1_SCE_IRQHandler
                0x00000000080007d0                FLASH_IRQHandler
                0x00000000080007d0                USART1_IRQHandler
                0x00000000080007d0                I2C1_ER_IRQHandler
                0x00000000080007d0                USBWakeUp_IRQHandler
 *fill*         0x00000000080007d2        0x2 
 .text.HAL_Init
                0x00000000080007d4       0x2c ./Drivers/STM32F1xx_HAL_Driver/Src/stm32f1xx_hal.o
                0x00000000080007d4                HAL_Init
 .text.HAL_InitTick
                0x0000000008000800       0x60 ./Drivers/STM32F1xx_HAL_Driver/Src/stm32f1xx_hal.o
                0x0000000008000800                HAL_InitTick
 .text.HAL_IncTick
                0x0000000008000860       0x24 ./Drivers/STM32F1xx_HAL_Driver/Src/stm32f1xx_hal.o
                0x0000000008000860                HAL_IncTick
 .text.HAL_GetTick
                0x0000000008000884       0x14 ./Drivers/STM32F1xx_HAL_Driver/Src/stm32f1xx_hal.o
                0x0000000008000884                HAL_GetTick
 .text.__NVIC_SetPriorityGrouping
                0x0000000008000898       0x48 ./Drivers/STM32F1xx_HAL_Driver/Src/stm32f1xx_hal_cortex.o
 .text.__NVIC_GetPriorityGrouping
                0x00000000080008e0       0x1c ./Drivers/STM32F1xx_HAL_Driver/Src/stm32f1xx_hal_cortex.o
 .text.__NVIC_EnableIRQ
                0x00000000080008fc       0x38 ./Drivers/STM32F1xx_HAL_Driver/Src/stm32f1xx_hal_cortex.o
 .text.__NVIC_SetPriority
                0x0000000008000934       0x54 ./Drivers/STM32F1xx_HAL_Driver/Src/stm32f1xx_hal_cortex.o
 .text.NVIC_EncodePriority
                0x0000000008000988       0x64 ./Drivers/STM32F1xx_HAL_Driver/Src/stm32f1xx_hal_cortex.o
 .text.SysTick_Config
                0x00000000080009ec       0x44 ./Drivers/STM32F1xx_HAL_Driver/Src/stm32f1xx_hal_cortex.o
 .text.HAL_NVIC_SetPriorityGrouping
                0x0000000008000a30       0x16 ./Drivers/STM32F1xx_HAL_Driver/Src/stm32f1xx_hal_cortex.o
                0x0000000008000a30                HAL_NVIC_SetPriorityGrouping
 .text.HAL_NVIC_SetPriority
                0x0000000008000a46       0x38 ./Drivers/STM32F1xx_HAL_Driver/Src/stm32f1xx_hal_cortex.o
                0x0000000008000a46                HAL_NVIC_SetPriority
 .text.HAL_NVIC_EnableIRQ
                0x0000000008000a7e       0x1c ./Drivers/STM32F1xx_HAL_Driver/Src/stm32f1xx_hal_cortex.o
                0x0000000008000a7e                HAL_NVIC_EnableIRQ
 .text.HAL_SYSTICK_Config
                0x0000000008000a9a       0x18 ./Drivers/STM32F1xx_HAL_Driver/Src/stm32f1xx_hal_cortex.o
                0x0000000008000a9a                HAL_SYSTICK_Config
 *fill*         0x0000000008000ab2        0x2 
 .text.HAL_GPIO_Init
                0x0000000008000ab4      0x308 ./Drivers/STM32F1xx_HAL_Driver/Src/stm32f1xx_hal_gpio.o
                0x0000000008000ab4                HAL_GPIO_Init
 .text.HAL_GPIO_ReadPin
                0x0000000008000dbc       0x2e ./Drivers/STM32F1xx_HAL_Driver/Src/stm32f1xx_hal_gpio.o
                0x0000000008000dbc                HAL_GPIO_ReadPin
 .text.HAL_GPIO_WritePin
                0x0000000008000dea       0x30 ./Drivers/STM32F1xx_HAL_Driver/Src/stm32f1xx_hal_gpio.o
                0x0000000008000dea                HAL_GPIO_WritePin
 .text.HAL_PCD_Init
                0x0000000008000e1a      0x216 ./Drivers/STM32F1xx_HAL_Driver/Src/stm32f1xx_hal_pcd.o
                0x0000000008000e1a                HAL_PCD_Init
 .text.HAL_PCD_Start
                0x0000000008001030       0x4c ./Drivers/STM32F1xx_HAL_Driver/Src/stm32f1xx_hal_pcd.o
                0x0000000008001030                HAL_PCD_Start
 .text.HAL_PCD_IRQHandler
                0x000000000800107c      0x2aa ./Drivers/STM32F1xx_HAL_Driver/Src/stm32f1xx_hal_pcd.o
                0x000000000800107c                HAL_PCD_IRQHandler
 .text.HAL_PCD_SetAddress
                0x0000000008001326       0x4a ./Drivers/STM32F1xx_HAL_Driver/Src/stm32f1xx_hal_pcd.o
                0x0000000008001326                HAL_PCD_SetAddress
 .text.HAL_PCD_EP_Open
                0x0000000008001370       0xcc ./Drivers/STM32F1xx_HAL_Driver/Src/stm32f1xx_hal_pcd.o
                0x0000000008001370                HAL_PCD_EP_Open
 .text.HAL_PCD_EP_Close
                0x000000000800143c       0x90 ./Drivers/STM32F1xx_HAL_Driver/Src/stm32f1xx_hal_pcd.o
                0x000000000800143c                HAL_PCD_EP_Close
 .text.HAL_PCD_EP_Receive
                0x00000000080014cc       0x7a ./Drivers/STM32F1xx_HAL_Driver/Src/stm32f1xx_hal_pcd.o
                0x00000000080014cc                HAL_PCD_EP_Receive
 .text.HAL_PCD_EP_Transmit
                0x0000000008001546       0x86 ./Drivers/STM32F1xx_HAL_Driver/Src/stm32f1xx_hal_pcd.o
                0x0000000008001546                HAL_PCD_EP_Transmit
 .text.HAL_PCD_EP_SetStall
                0x00000000080015cc       0xc0 ./Drivers/STM32F1xx_HAL_Driver/Src/stm32f1xx_hal_pcd.o
                0x00000000080015cc                HAL_PCD_EP_SetStall
 .text.HAL_PCD_EP_ClrStall
                0x000000000800168c       0xa8 ./Drivers/STM32F1xx_HAL_Driver/Src/stm32f1xx_hal_pcd.o
                0x000000000800168c                HAL_PCD_EP_ClrStall
 .text.PCD_EP_ISR_Handler
                0x0000000008001734      0x600 ./Drivers/STM32F1xx_HAL_Driver/Src/stm32f1xx_hal_pcd.o
 .text.HAL_PCD_EP_DB_Receive
                0x0000000008001d34      0x21a ./Drivers/STM32F1xx_HAL_Driver/Src/stm32f1xx_hal_pcd.o
 .text.HAL_PCD_EP_DB_Transmit
                0x0000000008001f4e      0x7a4 ./Drivers/STM32F1xx_HAL_Driver/Src/stm32f1xx_hal_pcd.o
 .text.HAL_PCDEx_PMAConfig
                0x00000000080026f2       0x84 ./Drivers/STM32F1xx_HAL_Driver/Src/stm32f1xx_hal_pcd_ex.o
                0x00000000080026f2                HAL_PCDEx_PMAConfig
 *fill*         0x0000000008002776        0x2 
 .text.HAL_RCC_OscConfig
                0x0000000008002778      0x500 ./Drivers/STM32F1xx_HAL_Driver/Src/stm32f1xx_hal_rcc.o
                0x0000000008002778                HAL_RCC_OscConfig
 .text.HAL_RCC_ClockConfig
                0x0000000008002c78      0x1d4 ./Drivers/STM32F1xx_HAL_Driver/Src/stm32f1xx_hal_rcc.o
                0x0000000008002c78                HAL_RCC_ClockConfig
 .text.HAL_RCC_GetSysClockFreq
                0x0000000008002e4c       0xc0 ./Drivers/STM32F1xx_HAL_Driver/Src/stm32f1xx_hal_rcc.o
                0x0000000008002e4c                HAL_RCC_GetSysClockFreq
 .text.RCC_Delay
                0x0000000008002f0c       0x3c ./Drivers/STM32F1xx_HAL_Driver/Src/stm32f1xx_hal_rcc.o
 .text.HAL_RCCEx_PeriphCLKConfig
                0x0000000008002f48      0x16c ./Drivers/STM32F1xx_HAL_Driver/Src/stm32f1xx_hal_rcc_ex.o
                0x0000000008002f48                HAL_RCCEx_PeriphCLKConfig
 .text.HAL_TIM_Base_Init
                0x00000000080030b4       0x9e ./Drivers/STM32F1xx_HAL_Driver/Src/stm32f1xx_hal_tim.o
                0x00000000080030b4                HAL_TIM_Base_Init
 .text.HAL_TIM_IRQHandler
                0x0000000008003152      0x210 ./Drivers/STM32F1xx_HAL_Driver/Src/stm32f1xx_hal_tim.o
                0x0000000008003152                HAL_TIM_IRQHandler
 .text.HAL_TIM_ConfigClockSource
                0x0000000008003362      0x188 ./Drivers/STM32F1xx_HAL_Driver/Src/stm32f1xx_hal_tim.o
                0x0000000008003362                HAL_TIM_ConfigClockSource
 .text.HAL_TIM_OC_DelayElapsedCallback
                0x00000000080034ea       0x12 ./Drivers/STM32F1xx_HAL_Driver/Src/stm32f1xx_hal_tim.o
                0x00000000080034ea                HAL_TIM_OC_DelayElapsedCallback
 .text.HAL_TIM_IC_CaptureCallback
                0x00000000080034fc       0x12 ./Drivers/STM32F1xx_HAL_Driver/Src/stm32f1xx_hal_tim.o
                0x00000000080034fc                HAL_TIM_IC_CaptureCallback
 .text.HAL_TIM_PWM_PulseFinishedCallback
                0x000000000800350e       0x12 ./Drivers/STM32F1xx_HAL_Driver/Src/stm32f1xx_hal_tim.o
                0x000000000800350e                HAL_TIM_PWM_PulseFinishedCallback
 .text.HAL_TIM_TriggerCallback
                0x0000000008003520       0x12 ./Drivers/STM32F1xx_HAL_Driver/Src/stm32f1xx_hal_tim.o
                0x0000000008003520                HAL_TIM_TriggerCallback
 *fill*         0x0000000008003532        0x2 
 .text.TIM_Base_SetConfig
                0x0000000008003534       0xc4 ./Drivers/STM32F1xx_HAL_Driver/Src/stm32f1xx_hal_tim.o
                0x0000000008003534                TIM_Base_SetConfig
 .text.TIM_TI1_ConfigInputStage
                0x00000000080035f8       0x5c ./Drivers/STM32F1xx_HAL_Driver/Src/stm32f1xx_hal_tim.o
 .text.TIM_TI2_ConfigInputStage
                0x0000000008003654       0x5e ./Drivers/STM32F1xx_HAL_Driver/Src/stm32f1xx_hal_tim.o
 .text.TIM_ITRx_SetConfig
                0x00000000080036b2       0x34 ./Drivers/STM32F1xx_HAL_Driver/Src/stm32f1xx_hal_tim.o
 .text.TIM_ETR_SetConfig
                0x00000000080036e6       0x3e ./Drivers/STM32F1xx_HAL_Driver/Src/stm32f1xx_hal_tim.o
                0x00000000080036e6                TIM_ETR_SetConfig
 .text.HAL_TIMEx_MasterConfigSynchronization
                0x0000000008003724       0xbc ./Drivers/STM32F1xx_HAL_Driver/Src/stm32f1xx_hal_tim_ex.o
                0x0000000008003724                HAL_TIMEx_MasterConfigSynchronization
 .text.HAL_TIMEx_CommutCallback
                0x00000000080037e0       0x12 ./Drivers/STM32F1xx_HAL_Driver/Src/stm32f1xx_hal_tim_ex.o
                0x00000000080037e0                HAL_TIMEx_CommutCallback
 .text.HAL_TIMEx_BreakCallback
                0x00000000080037f2       0x12 ./Drivers/STM32F1xx_HAL_Driver/Src/stm32f1xx_hal_tim_ex.o
                0x00000000080037f2                HAL_TIMEx_BreakCallback
 .text.USB_CoreInit
                0x0000000008003804       0x20 ./Drivers/STM32F1xx_HAL_Driver/Src/stm32f1xx_ll_usb.o
                0x0000000008003804                USB_CoreInit
 .text.USB_EnableGlobalInt
                0x0000000008003824       0x2c ./Drivers/STM32F1xx_HAL_Driver/Src/stm32f1xx_ll_usb.o
                0x0000000008003824                USB_EnableGlobalInt
 .text.USB_DisableGlobalInt
                0x0000000008003850       0x34 ./Drivers/STM32F1xx_HAL_Driver/Src/stm32f1xx_ll_usb.o
                0x0000000008003850                USB_DisableGlobalInt
 .text.USB_SetCurrentMode
                0x0000000008003884       0x18 ./Drivers/STM32F1xx_HAL_Driver/Src/stm32f1xx_ll_usb.o
                0x0000000008003884                USB_SetCurrentMode
 .text.USB_DevInit
                0x000000000800389c       0x40 ./Drivers/STM32F1xx_HAL_Driver/Src/stm32f1xx_ll_usb.o
                0x000000000800389c                USB_DevInit
 .text.USB_ActivateEndpoint
                0x00000000080038dc      0x6d4 ./Drivers/STM32F1xx_HAL_Driver/Src/stm32f1xx_ll_usb.o
                0x00000000080038dc                USB_ActivateEndpoint
 .text.USB_DeactivateEndpoint
                0x0000000008003fb0      0x3d8 ./Drivers/STM32F1xx_HAL_Driver/Src/stm32f1xx_ll_usb.o
                0x0000000008003fb0                USB_DeactivateEndpoint
 .text.USB_EPStartXfer
                0x0000000008004388     0x15ee ./Drivers/STM32F1xx_HAL_Driver/Src/stm32f1xx_ll_usb.o
                0x0000000008004388                USB_EPStartXfer
 .text.USB_EPSetStall
                0x0000000008005976       0xa0 ./Drivers/STM32F1xx_HAL_Driver/Src/stm32f1xx_ll_usb.o
                0x0000000008005976                USB_EPSetStall
 .text.USB_EPClearStall
                0x0000000008005a16      0x15a ./Drivers/STM32F1xx_HAL_Driver/Src/stm32f1xx_ll_usb.o
                0x0000000008005a16                USB_EPClearStall
 .text.USB_SetDevAddress
                0x0000000008005b70       0x26 ./Drivers/STM32F1xx_HAL_Driver/Src/stm32f1xx_ll_usb.o
                0x0000000008005b70                USB_SetDevAddress
 .text.USB_DevConnect
                0x0000000008005b96       0x14 ./Drivers/STM32F1xx_HAL_Driver/Src/stm32f1xx_ll_usb.o
                0x0000000008005b96                USB_DevConnect
 .text.USB_DevDisconnect
                0x0000000008005baa       0x14 ./Drivers/STM32F1xx_HAL_Driver/Src/stm32f1xx_ll_usb.o
                0x0000000008005baa                USB_DevDisconnect
 .text.USB_ReadInterrupts
                0x0000000008005bbe       0x1e ./Drivers/STM32F1xx_HAL_Driver/Src/stm32f1xx_ll_usb.o
                0x0000000008005bbe                USB_ReadInterrupts
 .text.USB_EP0_OutStart
                0x0000000008005bdc       0x16 ./Drivers/STM32F1xx_HAL_Driver/Src/stm32f1xx_ll_usb.o
                0x0000000008005bdc                USB_EP0_OutStart
 .text.USB_WritePMA
                0x0000000008005bf2       0x8a ./Drivers/STM32F1xx_HAL_Driver/Src/stm32f1xx_ll_usb.o
                0x0000000008005bf2                USB_WritePMA
 .text.USB_ReadPMA
                0x0000000008005c7c       0x9e ./Drivers/STM32F1xx_HAL_Driver/Src/stm32f1xx_ll_usb.o
                0x0000000008005c7c                USB_ReadPMA
 .text.USBD_HID_Init
                0x0000000008005d1a       0x4e ./Middlewares/ST/STM32_USB_Device_Library/Class/HID/Src/usbd_hid.o
 .text.USBD_HID_DeInit
                0x0000000008005d68       0x42 ./Middlewares/ST/STM32_USB_Device_Library/Class/HID/Src/usbd_hid.o
 *fill*         0x0000000008005daa        0x2 
 .text.USBD_HID_Setup
                0x0000000008005dac      0x1fc ./Middlewares/ST/STM32_USB_Device_Library/Class/HID/Src/usbd_hid.o
 .text.USBD_HID_SendReport
                0x0000000008005fa8       0x44 ./Middlewares/ST/STM32_USB_Device_Library/Class/HID/Src/usbd_hid.o
                0x0000000008005fa8                USBD_HID_SendReport
 .text.USBD_HID_GetFSCfgDesc
                0x0000000008005fec       0x20 ./Middlewares/ST/STM32_USB_Device_Library/Class/HID/Src/usbd_hid.o
 .text.USBD_HID_GetHSCfgDesc
                0x000000000800600c       0x20 ./Middlewares/ST/STM32_USB_Device_Library/Class/HID/Src/usbd_hid.o
 .text.USBD_HID_GetOtherSpeedCfgDesc
                0x000000000800602c       0x20 ./Middlewares/ST/STM32_USB_Device_Library/Class/HID/Src/usbd_hid.o
 .text.USBD_HID_DataIn
                0x000000000800604c       0x22 ./Middlewares/ST/STM32_USB_Device_Library/Class/HID/Src/usbd_hid.o
 *fill*         0x000000000800606e        0x2 
 .text.USBD_HID_GetDeviceQualifierDesc
                0x0000000008006070       0x20 ./Middlewares/ST/STM32_USB_Device_Library/Class/HID/Src/usbd_hid.o
 .text.USBD_Init
                0x0000000008006090       0x56 ./Middlewares/ST/STM32_USB_Device_Library/Core/Src/usbd_core.o
                0x0000000008006090                USBD_Init
 .text.USBD_RegisterClass
                0x00000000080060e6       0x32 ./Middlewares/ST/STM32_USB_Device_Library/Core/Src/usbd_core.o
                0x00000000080060e6                USBD_RegisterClass
 .text.USBD_Start
                0x0000000008006118       0x18 ./Middlewares/ST/STM32_USB_Device_Library/Core/Src/usbd_core.o
                0x0000000008006118                USBD_Start
 .text.USBD_RunTestMode
                0x0000000008006130       0x14 ./Middlewares/ST/STM32_USB_Device_Library/Core/Src/usbd_core.o
                0x0000000008006130                USBD_RunTestMode
 .text.USBD_SetClassConfig
                0x0000000008006144       0x3e ./Middlewares/ST/STM32_USB_Device_Library/Core/Src/usbd_core.o
                0x0000000008006144                USBD_SetClassConfig
 .text.USBD_ClrClassConfig
                0x0000000008006182       0x26 ./Middlewares/ST/STM32_USB_Device_Library/Core/Src/usbd_core.o
                0x0000000008006182                USBD_ClrClassConfig
 .text.USBD_LL_SetupStage
                0x00000000080061a8       0x9a ./Middlewares/ST/STM32_USB_Device_Library/Core/Src/usbd_core.o
                0x00000000080061a8                USBD_LL_SetupStage
 .text.USBD_LL_DataOutStage
                0x0000000008006242       0xe2 ./Middlewares/ST/STM32_USB_Device_Library/Core/Src/usbd_core.o
                0x0000000008006242                USBD_LL_DataOutStage
 .text.USBD_LL_DataInStage
                0x0000000008006324      0x14a ./Middlewares/ST/STM32_USB_Device_Library/Core/Src/usbd_core.o
                0x0000000008006324                USBD_LL_DataInStage
 .text.USBD_LL_Reset
                0x000000000800646e       0x82 ./Middlewares/ST/STM32_USB_Device_Library/Core/Src/usbd_core.o
                0x000000000800646e                USBD_LL_Reset
 .text.USBD_LL_SetSpeed
                0x00000000080064f0       0x1e ./Middlewares/ST/STM32_USB_Device_Library/Core/Src/usbd_core.o
                0x00000000080064f0                USBD_LL_SetSpeed
 .text.USBD_LL_Suspend
                0x000000000800650e       0x28 ./Middlewares/ST/STM32_USB_Device_Library/Core/Src/usbd_core.o
                0x000000000800650e                USBD_LL_Suspend
 .text.USBD_LL_Resume
                0x0000000008006536       0x2a ./Middlewares/ST/STM32_USB_Device_Library/Core/Src/usbd_core.o
                0x0000000008006536                USBD_LL_Resume
 .text.USBD_LL_SOF
                0x0000000008006560       0x34 ./Middlewares/ST/STM32_USB_Device_Library/Core/Src/usbd_core.o
                0x0000000008006560                USBD_LL_SOF
 .text.USBD_StdDevReq
                0x0000000008006594       0xd4 ./Middlewares/ST/STM32_USB_Device_Library/Core/Src/usbd_ctlreq.o
                0x0000000008006594                USBD_StdDevReq
 .text.USBD_StdItfReq
                0x0000000008006668       0x90 ./Middlewares/ST/STM32_USB_Device_Library/Core/Src/usbd_ctlreq.o
                0x0000000008006668                USBD_StdItfReq
 .text.USBD_StdEPReq
                0x00000000080066f8      0x2c6 ./Middlewares/ST/STM32_USB_Device_Library/Core/Src/usbd_ctlreq.o
                0x00000000080066f8                USBD_StdEPReq
 *fill*         0x00000000080069be        0x2 
 .text.USBD_GetDescriptor
                0x00000000080069c0      0x2d0 ./Middlewares/ST/STM32_USB_Device_Library/Core/Src/usbd_ctlreq.o
 .text.USBD_SetAddress
                0x0000000008006c90       0x86 ./Middlewares/ST/STM32_USB_Device_Library/Core/Src/usbd_ctlreq.o
 *fill*         0x0000000008006d16        0x2 
 .text.USBD_SetConfig
                0x0000000008006d18      0x11c ./Middlewares/ST/STM32_USB_Device_Library/Core/Src/usbd_ctlreq.o
 .text.USBD_GetConfig
                0x0000000008006e34       0x6a ./Middlewares/ST/STM32_USB_Device_Library/Core/Src/usbd_ctlreq.o
 .text.USBD_GetStatus
                0x0000000008006e9e       0x66 ./Middlewares/ST/STM32_USB_Device_Library/Core/Src/usbd_ctlreq.o
 .text.USBD_SetFeature
                0x0000000008006f04       0x28 ./Middlewares/ST/STM32_USB_Device_Library/Core/Src/usbd_ctlreq.o
 .text.USBD_ClrFeature
                0x0000000008006f2c       0x42 ./Middlewares/ST/STM32_USB_Device_Library/Core/Src/usbd_ctlreq.o
 .text.USBD_ParseSetupRequest
                0x0000000008006f6e       0x78 ./Middlewares/ST/STM32_USB_Device_Library/Core/Src/usbd_ctlreq.o
                0x0000000008006f6e                USBD_ParseSetupRequest
 .text.USBD_CtlError
                0x0000000008006fe6       0x22 ./Middlewares/ST/STM32_USB_Device_Library/Core/Src/usbd_ctlreq.o
                0x0000000008006fe6                USBD_CtlError
 .text.USBD_GetString
                0x0000000008007008       0x84 ./Middlewares/ST/STM32_USB_Device_Library/Core/Src/usbd_ctlreq.o
                0x0000000008007008                USBD_GetString
 .text.USBD_GetLen
                0x000000000800708c       0x2e ./Middlewares/ST/STM32_USB_Device_Library/Core/Src/usbd_ctlreq.o
 .text.USBD_CtlSendData
                0x00000000080070ba       0x38 ./Middlewares/ST/STM32_USB_Device_Library/Core/Src/usbd_ioreq.o
                0x00000000080070ba                USBD_CtlSendData
 .text.USBD_CtlContinueSendData
                0x00000000080070f2       0x24 ./Middlewares/ST/STM32_USB_Device_Library/Core/Src/usbd_ioreq.o
                0x00000000080070f2                USBD_CtlContinueSendData
 .text.USBD_CtlContinueRx
                0x0000000008007116       0x24 ./Middlewares/ST/STM32_USB_Device_Library/Core/Src/usbd_ioreq.o
                0x0000000008007116                USBD_CtlContinueRx
 .text.USBD_CtlSendStatus
                0x000000000800713a       0x26 ./Middlewares/ST/STM32_USB_Device_Library/Core/Src/usbd_ioreq.o
                0x000000000800713a                USBD_CtlSendStatus
 .text.USBD_CtlReceiveStatus
                0x0000000008007160       0x26 ./Middlewares/ST/STM32_USB_Device_Library/Core/Src/usbd_ioreq.o
                0x0000000008007160                USBD_CtlReceiveStatus
 *fill*         0x0000000008007186        0x2 
 .text.MX_USB_DEVICE_Init
                0x0000000008007188       0x4c ./USB_DEVICE/App/usb_device.o
                0x0000000008007188                MX_USB_DEVICE_Init
 .text.USBD_FS_DeviceDescriptor
                0x00000000080071d4       0x24 ./USB_DEVICE/App/usbd_desc.o
                0x00000000080071d4                USBD_FS_DeviceDescriptor
 .text.USBD_FS_LangIDStrDescriptor
                0x00000000080071f8       0x24 ./USB_DEVICE/App/usbd_desc.o
                0x00000000080071f8                USBD_FS_LangIDStrDescriptor
 .text.USBD_FS_ProductStrDescriptor
                0x000000000800721c       0x3c ./USB_DEVICE/App/usbd_desc.o
                0x000000000800721c                USBD_FS_ProductStrDescriptor
 .text.USBD_FS_ManufacturerStrDescriptor
                0x0000000008007258       0x28 ./USB_DEVICE/App/usbd_desc.o
                0x0000000008007258                USBD_FS_ManufacturerStrDescriptor
 .text.USBD_FS_SerialStrDescriptor
                0x0000000008007280       0x24 ./USB_DEVICE/App/usbd_desc.o
                0x0000000008007280                USBD_FS_SerialStrDescriptor
 .text.USBD_FS_ConfigStrDescriptor
                0x00000000080072a4       0x3c ./USB_DEVICE/App/usbd_desc.o
                0x00000000080072a4                USBD_FS_ConfigStrDescriptor
 .text.USBD_FS_InterfaceStrDescriptor
                0x00000000080072e0       0x3c ./USB_DEVICE/App/usbd_desc.o
                0x00000000080072e0                USBD_FS_InterfaceStrDescriptor
 .text.Get_SerialNum
                0x000000000800731c       0x58 ./USB_DEVICE/App/usbd_desc.o
 .text.IntToUnicode
                0x0000000008007374       0x7c ./USB_DEVICE/App/usbd_desc.o
 .text.HAL_PCD_MspInit
                0x00000000080073f0       0x4c ./USB_DEVICE/Target/usbd_conf.o
                0x00000000080073f0                HAL_PCD_MspInit
 .text.HAL_PCD_SetupStageCallback
                0x000000000800743c       0x24 ./USB_DEVICE/Target/usbd_conf.o
                0x000000000800743c                HAL_PCD_SetupStageCallback
 .text.HAL_PCD_DataOutStageCallback
                0x0000000008007460       0x36 ./USB_DEVICE/Target/usbd_conf.o
                0x0000000008007460                HAL_PCD_DataOutStageCallback
 .text.HAL_PCD_DataInStageCallback
                0x0000000008007496       0x34 ./USB_DEVICE/Target/usbd_conf.o
                0x0000000008007496                HAL_PCD_DataInStageCallback
 .text.HAL_PCD_SOFCallback
                0x00000000080074ca       0x1c ./USB_DEVICE/Target/usbd_conf.o
                0x00000000080074ca                HAL_PCD_SOFCallback
 .text.HAL_PCD_ResetCallback
                0x00000000080074e6       0x3c ./USB_DEVICE/Target/usbd_conf.o
                0x00000000080074e6                HAL_PCD_ResetCallback
 *fill*         0x0000000008007522        0x2 
 .text.HAL_PCD_SuspendCallback
                0x0000000008007524       0x34 ./USB_DEVICE/Target/usbd_conf.o
                0x0000000008007524                HAL_PCD_SuspendCallback
 .text.HAL_PCD_ResumeCallback
                0x0000000008007558       0x1c ./USB_DEVICE/Target/usbd_conf.o
                0x0000000008007558                HAL_PCD_ResumeCallback
 .text.USBD_LL_Init
                0x0000000008007574       0x90 ./USB_DEVICE/Target/usbd_conf.o
                0x0000000008007574                USBD_LL_Init
 .text.USBD_LL_Start
                0x0000000008007604       0x36 ./USB_DEVICE/Target/usbd_conf.o
                0x0000000008007604                USBD_LL_Start
 .text.USBD_LL_OpenEP
                0x000000000800763a       0x4c ./USB_DEVICE/Target/usbd_conf.o
                0x000000000800763a                USBD_LL_OpenEP
 .text.USBD_LL_CloseEP
                0x0000000008007686       0x3e ./USB_DEVICE/Target/usbd_conf.o
                0x0000000008007686                USBD_LL_CloseEP
 .text.USBD_LL_StallEP
                0x00000000080076c4       0x3e ./USB_DEVICE/Target/usbd_conf.o
                0x00000000080076c4                USBD_LL_StallEP
 .text.USBD_LL_ClearStallEP
                0x0000000008007702       0x3e ./USB_DEVICE/Target/usbd_conf.o
                0x0000000008007702                USBD_LL_ClearStallEP
 .text.USBD_LL_IsStallEP
                0x0000000008007740       0x58 ./USB_DEVICE/Target/usbd_conf.o
                0x0000000008007740                USBD_LL_IsStallEP
 .text.USBD_LL_SetUSBAddress
                0x0000000008007798       0x3e ./USB_DEVICE/Target/usbd_conf.o
                0x0000000008007798                USBD_LL_SetUSBAddress
 .text.USBD_LL_Transmit
                0x00000000080077d6       0x46 ./USB_DEVICE/Target/usbd_conf.o
                0x00000000080077d6                USBD_LL_Transmit
 .text.USBD_LL_PrepareReceive
                0x000000000800781c       0x46 ./USB_DEVICE/Target/usbd_conf.o
                0x000000000800781c                USBD_LL_PrepareReceive
 *fill*         0x0000000008007862        0x2 
 .text.USBD_static_malloc
                0x0000000008007864       0x18 ./USB_DEVICE/Target/usbd_conf.o
                0x0000000008007864                USBD_static_malloc
 .text.USBD_static_free
                0x000000000800787c       0x12 ./USB_DEVICE/Target/usbd_conf.o
                0x000000000800787c                USBD_static_free
 .text.HAL_PCDEx_SetConnectionState
                0x000000000800788e       0x16 ./USB_DEVICE/Target/usbd_conf.o
                0x000000000800788e                HAL_PCDEx_SetConnectionState
 .text.USBD_Get_USB_Status
                0x00000000080078a4       0x58 ./USB_DEVICE/Target/usbd_conf.o
 .text.__libc_init_array
                0x00000000080078fc       0x48 /opt/st/stm32cubeide_1.7.0/plugins/com.st.stm32cube.ide.mcu.externaltools.gnu-tools-for-stm32.9-2020-q2-update.linux64_2.0.0.202105311346/tools/bin/../lib/gcc/arm-none-eabi/9.3.1/../../../../arm-none-eabi/lib/thumb/v7-m/nofp/libc_nano.a(lib_a-init.o)
                0x00000000080078fc                __libc_init_array
 .text.memset   0x0000000008007944       0x10 /opt/st/stm32cubeide_1.7.0/plugins/com.st.stm32cube.ide.mcu.externaltools.gnu-tools-for-stm32.9-2020-q2-update.linux64_2.0.0.202105311346/tools/bin/../lib/gcc/arm-none-eabi/9.3.1/../../../../arm-none-eabi/lib/thumb/v7-m/nofp/libc_nano.a(lib_a-memset.o)
                0x0000000008007944                memset
 *(.glue_7)
 .glue_7        0x0000000008007954        0x0 linker stubs
 *(.glue_7t)
 .glue_7t       0x0000000008007954        0x0 linker stubs
 *(.eh_frame)
 .eh_frame      0x0000000008007954        0x0 /opt/st/stm32cubeide_1.7.0/plugins/com.st.stm32cube.ide.mcu.externaltools.gnu-tools-for-stm32.9-2020-q2-update.linux64_2.0.0.202105311346/tools/bin/../lib/gcc/arm-none-eabi/9.3.1/thumb/v7-m/nofp/crtbegin.o
 *(.init)
 .init          0x0000000008007954        0x4 /opt/st/stm32cubeide_1.7.0/plugins/com.st.stm32cube.ide.mcu.externaltools.gnu-tools-for-stm32.9-2020-q2-update.linux64_2.0.0.202105311346/tools/bin/../lib/gcc/arm-none-eabi/9.3.1/thumb/v7-m/nofp/crti.o
                0x0000000008007954                _init
 .init          0x0000000008007958        0x8 /opt/st/stm32cubeide_1.7.0/plugins/com.st.stm32cube.ide.mcu.externaltools.gnu-tools-for-stm32.9-2020-q2-update.linux64_2.0.0.202105311346/tools/bin/../lib/gcc/arm-none-eabi/9.3.1/thumb/v7-m/nofp/crtn.o
 *(.fini)
 .fini          0x0000000008007960        0x4 /opt/st/stm32cubeide_1.7.0/plugins/com.st.stm32cube.ide.mcu.externaltools.gnu-tools-for-stm32.9-2020-q2-update.linux64_2.0.0.202105311346/tools/bin/../lib/gcc/arm-none-eabi/9.3.1/thumb/v7-m/nofp/crti.o
                0x0000000008007960                _fini
 .fini          0x0000000008007964        0x8 /opt/st/stm32cubeide_1.7.0/plugins/com.st.stm32cube.ide.mcu.externaltools.gnu-tools-for-stm32.9-2020-q2-update.linux64_2.0.0.202105311346/tools/bin/../lib/gcc/arm-none-eabi/9.3.1/thumb/v7-m/nofp/crtn.o
                0x000000000800796c                . = ALIGN (0x4)
                0x000000000800796c                _etext = .

.vfp11_veneer   0x000000000800796c        0x0
 .vfp11_veneer  0x000000000800796c        0x0 linker stubs

.v4_bx          0x000000000800796c        0x0
 .v4_bx         0x000000000800796c        0x0 linker stubs

.iplt           0x000000000800796c        0x0
 .iplt          0x000000000800796c        0x0 /opt/st/stm32cubeide_1.7.0/plugins/com.st.stm32cube.ide.mcu.externaltools.gnu-tools-for-stm32.9-2020-q2-update.linux64_2.0.0.202105311346/tools/bin/../lib/gcc/arm-none-eabi/9.3.1/thumb/v7-m/nofp/crtbegin.o

.rodata         0x000000000800796c       0x54
                0x000000000800796c                . = ALIGN (0x4)
 *(.rodata)
 .rodata        0x000000000800796c       0x10 ./Drivers/STM32F1xx_HAL_Driver/Src/stm32f1xx_hal_rcc.o
 .rodata        0x000000000800797c       0x32 ./USB_DEVICE/App/usbd_desc.o
 *(.rodata*)
 *fill*         0x00000000080079ae        0x2 
 .rodata.AHBPrescTable
                0x00000000080079b0       0x10 ./Core/Src/system_stm32f1xx.o
                0x00000000080079b0                AHBPrescTable
                0x00000000080079c0                . = ALIGN (0x4)

.rel.dyn        0x00000000080079c0        0x0
 .rel.iplt      0x00000000080079c0        0x0 /opt/st/stm32cubeide_1.7.0/plugins/com.st.stm32cube.ide.mcu.externaltools.gnu-tools-for-stm32.9-2020-q2-update.linux64_2.0.0.202105311346/tools/bin/../lib/gcc/arm-none-eabi/9.3.1/thumb/v7-m/nofp/crtbegin.o

.ARM.extab      0x00000000080079c0        0x0
                0x00000000080079c0                . = ALIGN (0x4)
 *(.ARM.extab* .gnu.linkonce.armextab.*)
                0x00000000080079c0                . = ALIGN (0x4)

.ARM            0x00000000080079c0        0x0
                0x00000000080079c0                . = ALIGN (0x4)
                0x00000000080079c0                __exidx_start = .
 *(.ARM.exidx*)
                0x00000000080079c0                __exidx_end = .
                0x00000000080079c0                . = ALIGN (0x4)

.preinit_array  0x00000000080079c0        0x0
                0x00000000080079c0                . = ALIGN (0x4)
                0x00000000080079c0                PROVIDE (__preinit_array_start = .)
 *(.preinit_array*)
                0x00000000080079c0                PROVIDE (__preinit_array_end = .)
                0x00000000080079c0                . = ALIGN (0x4)

.init_array     0x00000000080079c0        0x4
                0x00000000080079c0                . = ALIGN (0x4)
                0x00000000080079c0                PROVIDE (__init_array_start = .)
 *(SORT_BY_NAME(.init_array.*))
 *(.init_array*)
 .init_array    0x00000000080079c0        0x4 /opt/st/stm32cubeide_1.7.0/plugins/com.st.stm32cube.ide.mcu.externaltools.gnu-tools-for-stm32.9-2020-q2-update.linux64_2.0.0.202105311346/tools/bin/../lib/gcc/arm-none-eabi/9.3.1/thumb/v7-m/nofp/crtbegin.o
                0x00000000080079c4                PROVIDE (__init_array_end = .)
                0x00000000080079c4                . = ALIGN (0x4)

.fini_array     0x00000000080079c4        0x4
                0x00000000080079c4                . = ALIGN (0x4)
                [!provide]                        PROVIDE (__fini_array_start = .)
 *(SORT_BY_NAME(.fini_array.*))
 *(.fini_array*)
 .fini_array    0x00000000080079c4        0x4 /opt/st/stm32cubeide_1.7.0/plugins/com.st.stm32cube.ide.mcu.externaltools.gnu-tools-for-stm32.9-2020-q2-update.linux64_2.0.0.202105311346/tools/bin/../lib/gcc/arm-none-eabi/9.3.1/thumb/v7-m/nofp/crtbegin.o
                [!provide]                        PROVIDE (__fini_array_end = .)
                0x00000000080079c8                . = ALIGN (0x4)
                0x00000000080079c8                _sidata = LOADADDR (.data)

.data           0x0000000020000000      0x164 load address 0x00000000080079c8
                0x0000000020000000                . = ALIGN (0x4)
                0x0000000020000000                _sdata = .
 *(.data)
 *(.data*)
 .data.SystemCoreClock
                0x0000000020000000        0x4 ./Core/Src/system_stm32f1xx.o
                0x0000000020000000                SystemCoreClock
 .data.uwTickPrio
                0x0000000020000004        0x4 ./Drivers/STM32F1xx_HAL_Driver/Src/stm32f1xx_hal.o
                0x0000000020000004                uwTickPrio
 .data.uwTickFreq
                0x0000000020000008        0x1 ./Drivers/STM32F1xx_HAL_Driver/Src/stm32f1xx_hal.o
                0x0000000020000008                uwTickFreq
 *fill*         0x0000000020000009        0x3 
 .data.USBD_HID
                0x000000002000000c       0x38 ./Middlewares/ST/STM32_USB_Device_Library/Class/HID/Src/usbd_hid.o
                0x000000002000000c                USBD_HID
 .data.USBD_HID_CfgFSDesc
                0x0000000020000044       0x22 ./Middlewares/ST/STM32_USB_Device_Library/Class/HID/Src/usbd_hid.o
 *fill*         0x0000000020000066        0x2 
 .data.USBD_HID_CfgHSDesc
                0x0000000020000068       0x22 ./Middlewares/ST/STM32_USB_Device_Library/Class/HID/Src/usbd_hid.o
 *fill*         0x000000002000008a        0x2 
 .data.USBD_HID_OtherSpeedCfgDesc
                0x000000002000008c       0x22 ./Middlewares/ST/STM32_USB_Device_Library/Class/HID/Src/usbd_hid.o
 *fill*         0x00000000200000ae        0x2 
 .data.USBD_HID_Desc
                0x00000000200000b0        0x9 ./Middlewares/ST/STM32_USB_Device_Library/Class/HID/Src/usbd_hid.o
 *fill*         0x00000000200000b9        0x3 
 .data.USBD_HID_DeviceQualifierDesc
                0x00000000200000bc        0xa ./Middlewares/ST/STM32_USB_Device_Library/Class/HID/Src/usbd_hid.o
 *fill*         0x00000000200000c6        0x2 
 .data.HID_MOUSE_ReportDesc
                0x00000000200000c8       0x4a ./Middlewares/ST/STM32_USB_Device_Library/Class/HID/Src/usbd_hid.o
 *fill*         0x0000000020000112        0x2 
 .data.FS_Desc  0x0000000020000114       0x1c ./USB_DEVICE/App/usbd_desc.o
                0x0000000020000114                FS_Desc
 .data.USBD_FS_DeviceDesc
                0x0000000020000130       0x12 ./USB_DEVICE/App/usbd_desc.o
                0x0000000020000130                USBD_FS_DeviceDesc
 *fill*         0x0000000020000142        0x2 
 .data.USBD_LangIDDesc
                0x0000000020000144        0x4 ./USB_DEVICE/App/usbd_desc.o
                0x0000000020000144                USBD_LangIDDesc
 .data.USBD_StringSerial
                0x0000000020000148       0x1a ./USB_DEVICE/App/usbd_desc.o
                0x0000000020000148                USBD_StringSerial
 *(.RamFunc)
 *(.RamFunc*)
                0x0000000020000164                . = ALIGN (0x4)
 *fill*         0x0000000020000162        0x2 
                0x0000000020000164                _edata = .

.igot.plt       0x0000000020000164        0x0 load address 0x0000000008007b2c
 .igot.plt      0x0000000020000164        0x0 /opt/st/stm32cubeide_1.7.0/plugins/com.st.stm32cube.ide.mcu.externaltools.gnu-tools-for-stm32.9-2020-q2-update.linux64_2.0.0.202105311346/tools/bin/../lib/gcc/arm-none-eabi/9.3.1/thumb/v7-m/nofp/crtbegin.o
                0x0000000020000164                . = ALIGN (0x4)

.bss            0x0000000020000164      0x890 load address 0x0000000008007b2c
                0x0000000020000164                _sbss = .
                0x0000000020000164                __bss_start__ = _sbss
 *(.bss)
 .bss           0x0000000020000164       0x1c /opt/st/stm32cubeide_1.7.0/plugins/com.st.stm32cube.ide.mcu.externaltools.gnu-tools-for-stm32.9-2020-q2-update.linux64_2.0.0.202105311346/tools/bin/../lib/gcc/arm-none-eabi/9.3.1/thumb/v7-m/nofp/crtbegin.o
 *(.bss*)
 .bss.cfgidx.8230
                0x0000000020000180        0x1 ./Middlewares/ST/STM32_USB_Device_Library/Core/Src/usbd_ctlreq.o
 *fill*         0x0000000020000181        0x3 
 .bss.mem.8272  0x0000000020000184       0x14 ./USB_DEVICE/Target/usbd_conf.o
 *(COMMON)
 COMMON         0x0000000020000198       0xa8 ./Core/Src/main.o
                0x0000000020000198                htim3
                0x00000000200001e0                htim2
                0x0000000020000228                keys
 COMMON         0x0000000020000240        0x4 ./Drivers/STM32F1xx_HAL_Driver/Src/stm32f1xx_hal.o
                0x0000000020000240                uwTick
 COMMON         0x0000000020000244      0x2c4 ./USB_DEVICE/App/usb_device.o
                0x0000000020000244                hUsbDeviceFS
 COMMON         0x0000000020000508      0x200 ./USB_DEVICE/App/usbd_desc.o
                0x0000000020000508                USBD_StrDesc
 COMMON         0x0000000020000708      0x2ec ./USB_DEVICE/Target/usbd_conf.o
                0x0000000020000708                hpcd_USB_FS
                0x00000000200009f4                . = ALIGN (0x4)
                0x00000000200009f4                _ebss = .
                0x00000000200009f4                __bss_end__ = _ebss

._user_heap_stack
                0x00000000200009f4      0x604 load address 0x0000000008007b2c
                0x00000000200009f8                . = ALIGN (0x8)
 *fill*         0x00000000200009f4        0x4 
                [!provide]                        PROVIDE (end = .)
                0x00000000200009f8                PROVIDE (_end = .)
                0x0000000020000bf8                . = (. + _Min_Heap_Size)
 *fill*         0x00000000200009f8      0x200 
                0x0000000020000ff8                . = (. + _Min_Stack_Size)
 *fill*         0x0000000020000bf8      0x400 
                0x0000000020000ff8                . = ALIGN (0x8)

/DISCARD/
 libc.a(*)
 libm.a(*)
 libgcc.a(*)

.ARM.attributes
                0x0000000000000000       0x29
 *(.ARM.attributes)
 .ARM.attributes
                0x0000000000000000       0x1d /opt/st/stm32cubeide_1.7.0/plugins/com.st.stm32cube.ide.mcu.externaltools.gnu-tools-for-stm32.9-2020-q2-update.linux64_2.0.0.202105311346/tools/bin/../lib/gcc/arm-none-eabi/9.3.1/thumb/v7-m/nofp/crti.o
 .ARM.attributes
                0x000000000000001d       0x2d /opt/st/stm32cubeide_1.7.0/plugins/com.st.stm32cube.ide.mcu.externaltools.gnu-tools-for-stm32.9-2020-q2-update.linux64_2.0.0.202105311346/tools/bin/../lib/gcc/arm-none-eabi/9.3.1/thumb/v7-m/nofp/crtbegin.o
 .ARM.attributes
                0x000000000000004a       0x2d ./Core/Src/main.o
 .ARM.attributes
                0x0000000000000077       0x2d ./Core/Src/stm32f1xx_hal_msp.o
 .ARM.attributes
                0x00000000000000a4       0x2d ./Core/Src/stm32f1xx_it.o
 .ARM.attributes
                0x00000000000000d1       0x2d ./Core/Src/system_stm32f1xx.o
 .ARM.attributes
                0x00000000000000fe       0x21 ./Core/Startup/startup_stm32f103cbtx.o
 .ARM.attributes
                0x000000000000011f       0x2d ./Drivers/STM32F1xx_HAL_Driver/Src/stm32f1xx_hal.o
 .ARM.attributes
                0x000000000000014c       0x2d ./Drivers/STM32F1xx_HAL_Driver/Src/stm32f1xx_hal_cortex.o
 .ARM.attributes
                0x0000000000000179       0x2d ./Drivers/STM32F1xx_HAL_Driver/Src/stm32f1xx_hal_gpio.o
 .ARM.attributes
                0x00000000000001a6       0x2d ./Drivers/STM32F1xx_HAL_Driver/Src/stm32f1xx_hal_pcd.o
 .ARM.attributes
                0x00000000000001d3       0x2d ./Drivers/STM32F1xx_HAL_Driver/Src/stm32f1xx_hal_pcd_ex.o
 .ARM.attributes
                0x0000000000000200       0x2d ./Drivers/STM32F1xx_HAL_Driver/Src/stm32f1xx_hal_rcc.o
 .ARM.attributes
                0x000000000000022d       0x2d ./Drivers/STM32F1xx_HAL_Driver/Src/stm32f1xx_hal_rcc_ex.o
 .ARM.attributes
                0x000000000000025a       0x2d ./Drivers/STM32F1xx_HAL_Driver/Src/stm32f1xx_hal_tim.o
 .ARM.attributes
                0x0000000000000287       0x2d ./Drivers/STM32F1xx_HAL_Driver/Src/stm32f1xx_hal_tim_ex.o
 .ARM.attributes
                0x00000000000002b4       0x2d ./Drivers/STM32F1xx_HAL_Driver/Src/stm32f1xx_ll_usb.o
 .ARM.attributes
                0x00000000000002e1       0x2d ./Middlewares/ST/STM32_USB_Device_Library/Class/HID/Src/usbd_hid.o
 .ARM.attributes
                0x000000000000030e       0x2d ./Middlewares/ST/STM32_USB_Device_Library/Core/Src/usbd_core.o
 .ARM.attributes
                0x000000000000033b       0x2d ./Middlewares/ST/STM32_USB_Device_Library/Core/Src/usbd_ctlreq.o
 .ARM.attributes
                0x0000000000000368       0x2d ./Middlewares/ST/STM32_USB_Device_Library/Core/Src/usbd_ioreq.o
 .ARM.attributes
                0x0000000000000395       0x2d ./USB_DEVICE/App/usb_device.o
 .ARM.attributes
                0x00000000000003c2       0x2d ./USB_DEVICE/App/usbd_desc.o
 .ARM.attributes
                0x00000000000003ef       0x2d ./USB_DEVICE/Target/usbd_conf.o
 .ARM.attributes
                0x000000000000041c       0x2d /opt/st/stm32cubeide_1.7.0/plugins/com.st.stm32cube.ide.mcu.externaltools.gnu-tools-for-stm32.9-2020-q2-update.linux64_2.0.0.202105311346/tools/bin/../lib/gcc/arm-none-eabi/9.3.1/../../../../arm-none-eabi/lib/thumb/v7-m/nofp/libc_nano.a(lib_a-init.o)
 .ARM.attributes
                0x0000000000000449       0x2d /opt/st/stm32cubeide_1.7.0/plugins/com.st.stm32cube.ide.mcu.externaltools.gnu-tools-for-stm32.9-2020-q2-update.linux64_2.0.0.202105311346/tools/bin/../lib/gcc/arm-none-eabi/9.3.1/../../../../arm-none-eabi/lib/thumb/v7-m/nofp/libc_nano.a(lib_a-memset.o)
 .ARM.attributes
                0x0000000000000476       0x1d /opt/st/stm32cubeide_1.7.0/plugins/com.st.stm32cube.ide.mcu.externaltools.gnu-tools-for-stm32.9-2020-q2-update.linux64_2.0.0.202105311346/tools/bin/../lib/gcc/arm-none-eabi/9.3.1/thumb/v7-m/nofp/crtn.o
OUTPUT(VIMorKeypad_Keyboard.elf elf32-littlearm)
LOAD linker stubs
LOAD /opt/st/stm32cubeide_1.7.0/plugins/com.st.stm32cube.ide.mcu.externaltools.gnu-tools-for-stm32.9-2020-q2-update.linux64_2.0.0.202105311346/tools/bin/../lib/gcc/arm-none-eabi/9.3.1/../../../../arm-none-eabi/lib/thumb/v7-m/nofp/libc.a
LOAD /opt/st/stm32cubeide_1.7.0/plugins/com.st.stm32cube.ide.mcu.externaltools.gnu-tools-for-stm32.9-2020-q2-update.linux64_2.0.0.202105311346/tools/bin/../lib/gcc/arm-none-eabi/9.3.1/../../../../arm-none-eabi/lib/thumb/v7-m/nofp/libm.a
LOAD /opt/st/stm32cubeide_1.7.0/plugins/com.st.stm32cube.ide.mcu.externaltools.gnu-tools-for-stm32.9-2020-q2-update.linux64_2.0.0.202105311346/tools/bin/../lib/gcc/arm-none-eabi/9.3.1/thumb/v7-m/nofp/libgcc.a

.debug_info     0x0000000000000000    0x154d7
 .debug_info    0x0000000000000000     0x19ed ./Core/Src/main.o
 .debug_info    0x00000000000019ed      0xa3f ./Core/Src/stm32f1xx_hal_msp.o
 .debug_info    0x000000000000242c      0xc9a ./Core/Src/stm32f1xx_it.o
 .debug_info    0x00000000000030c6      0x2be ./Core/Src/system_stm32f1xx.o
 .debug_info    0x0000000000003384       0x22 ./Core/Startup/startup_stm32f103cbtx.o
 .debug_info    0x00000000000033a6      0x76a ./Drivers/STM32F1xx_HAL_Driver/Src/stm32f1xx_hal.o
 .debug_info    0x0000000000003b10      0xbdc ./Drivers/STM32F1xx_HAL_Driver/Src/stm32f1xx_hal_cortex.o
 .debug_info    0x00000000000046ec      0x701 ./Drivers/STM32F1xx_HAL_Driver/Src/stm32f1xx_hal_gpio.o
 .debug_info    0x0000000000004ded     0x1509 ./Drivers/STM32F1xx_HAL_Driver/Src/stm32f1xx_hal_pcd.o
 .debug_info    0x00000000000062f6      0x7fc ./Drivers/STM32F1xx_HAL_Driver/Src/stm32f1xx_hal_pcd_ex.o
 .debug_info    0x0000000000006af2      0x88e ./Drivers/STM32F1xx_HAL_Driver/Src/stm32f1xx_hal_rcc.o
 .debug_info    0x0000000000007380      0x480 ./Drivers/STM32F1xx_HAL_Driver/Src/stm32f1xx_hal_rcc_ex.o
 .debug_info    0x0000000000007800     0x2a45 ./Drivers/STM32F1xx_HAL_Driver/Src/stm32f1xx_hal_tim.o
 .debug_info    0x000000000000a245     0x14d5 ./Drivers/STM32F1xx_HAL_Driver/Src/stm32f1xx_hal_tim_ex.o
 .debug_info    0x000000000000b71a     0x19e6 ./Drivers/STM32F1xx_HAL_Driver/Src/stm32f1xx_ll_usb.o
 .debug_info    0x000000000000d100     0x124f ./Middlewares/ST/STM32_USB_Device_Library/Class/HID/Src/usbd_hid.o
 .debug_info    0x000000000000e34f     0x12ef ./Middlewares/ST/STM32_USB_Device_Library/Core/Src/usbd_core.o
 .debug_info    0x000000000000f63e     0x125c ./Middlewares/ST/STM32_USB_Device_Library/Core/Src/usbd_ctlreq.o
 .debug_info    0x000000000001089a     0x102e ./Middlewares/ST/STM32_USB_Device_Library/Core/Src/usbd_ioreq.o
 .debug_info    0x00000000000118c8      0xeaf ./USB_DEVICE/App/usb_device.o
 .debug_info    0x0000000000012777      0xde8 ./USB_DEVICE/App/usbd_desc.o
 .debug_info    0x000000000001355f     0x1f78 ./USB_DEVICE/Target/usbd_conf.o

.debug_abbrev   0x0000000000000000     0x2fd1
 .debug_abbrev  0x0000000000000000      0x314 ./Core/Src/main.o
 .debug_abbrev  0x0000000000000314      0x1b7 ./Core/Src/stm32f1xx_hal_msp.o
 .debug_abbrev  0x00000000000004cb      0x1a7 ./Core/Src/stm32f1xx_it.o
 .debug_abbrev  0x0000000000000672      0x14e ./Core/Src/system_stm32f1xx.o
 .debug_abbrev  0x00000000000007c0       0x12 ./Core/Startup/startup_stm32f103cbtx.o
 .debug_abbrev  0x00000000000007d2      0x1ed ./Drivers/STM32F1xx_HAL_Driver/Src/stm32f1xx_hal.o
 .debug_abbrev  0x00000000000009bf      0x313 ./Drivers/STM32F1xx_HAL_Driver/Src/stm32f1xx_hal_cortex.o
 .debug_abbrev  0x0000000000000cd2      0x1e8 ./Drivers/STM32F1xx_HAL_Driver/Src/stm32f1xx_hal_gpio.o
 .debug_abbrev  0x0000000000000eba      0x29e ./Drivers/STM32F1xx_HAL_Driver/Src/stm32f1xx_hal_pcd.o
 .debug_abbrev  0x0000000000001158      0x1ac ./Drivers/STM32F1xx_HAL_Driver/Src/stm32f1xx_hal_pcd_ex.o
 .debug_abbrev  0x0000000000001304      0x273 ./Drivers/STM32F1xx_HAL_Driver/Src/stm32f1xx_hal_rcc.o
 .debug_abbrev  0x0000000000001577      0x193 ./Drivers/STM32F1xx_HAL_Driver/Src/stm32f1xx_hal_rcc_ex.o
 .debug_abbrev  0x000000000000170a      0x25e ./Drivers/STM32F1xx_HAL_Driver/Src/stm32f1xx_hal_tim.o
 .debug_abbrev  0x0000000000001968      0x266 ./Drivers/STM32F1xx_HAL_Driver/Src/stm32f1xx_hal_tim_ex.o
 .debug_abbrev  0x0000000000001bce      0x1fa ./Drivers/STM32F1xx_HAL_Driver/Src/stm32f1xx_ll_usb.o
 .debug_abbrev  0x0000000000001dc8      0x2b7 ./Middlewares/ST/STM32_USB_Device_Library/Class/HID/Src/usbd_hid.o
 .debug_abbrev  0x000000000000207f      0x2a8 ./Middlewares/ST/STM32_USB_Device_Library/Core/Src/usbd_core.o
 .debug_abbrev  0x0000000000002327      0x2de ./Middlewares/ST/STM32_USB_Device_Library/Core/Src/usbd_ctlreq.o
 .debug_abbrev  0x0000000000002605      0x20a ./Middlewares/ST/STM32_USB_Device_Library/Core/Src/usbd_ioreq.o
 .debug_abbrev  0x000000000000280f      0x1db ./USB_DEVICE/App/usb_device.o
 .debug_abbrev  0x00000000000029ea      0x2ca ./USB_DEVICE/App/usbd_desc.o
 .debug_abbrev  0x0000000000002cb4      0x31d ./USB_DEVICE/Target/usbd_conf.o

.debug_aranges  0x0000000000000000      0xf68
 .debug_aranges
                0x0000000000000000       0x50 ./Core/Src/main.o
 .debug_aranges
                0x0000000000000050       0x30 ./Core/Src/stm32f1xx_hal_msp.o
 .debug_aranges
                0x0000000000000080       0x78 ./Core/Src/stm32f1xx_it.o
 .debug_aranges
                0x00000000000000f8       0x28 ./Core/Src/system_stm32f1xx.o
 .debug_aranges
                0x0000000000000120       0x28 ./Core/Startup/startup_stm32f103cbtx.o
 .debug_aranges
                0x0000000000000148       0xe0 ./Drivers/STM32F1xx_HAL_Driver/Src/stm32f1xx_hal.o
 .debug_aranges
                0x0000000000000228      0x100 ./Drivers/STM32F1xx_HAL_Driver/Src/stm32f1xx_hal_cortex.o
 .debug_aranges
                0x0000000000000328       0x58 ./Drivers/STM32F1xx_HAL_Driver/Src/stm32f1xx_hal_gpio.o
 .debug_aranges
                0x0000000000000380      0x138 ./Drivers/STM32F1xx_HAL_Driver/Src/stm32f1xx_hal_pcd.o
 .debug_aranges
                0x00000000000004b8       0x38 ./Drivers/STM32F1xx_HAL_Driver/Src/stm32f1xx_hal_pcd_ex.o
 .debug_aranges
                0x00000000000004f0       0x90 ./Drivers/STM32F1xx_HAL_Driver/Src/stm32f1xx_hal_rcc.o
 .debug_aranges
                0x0000000000000580       0x30 ./Drivers/STM32F1xx_HAL_Driver/Src/stm32f1xx_hal_rcc_ex.o
 .debug_aranges
                0x00000000000005b0      0x3d0 ./Drivers/STM32F1xx_HAL_Driver/Src/stm32f1xx_hal_tim.o
 .debug_aranges
                0x0000000000000980      0x168 ./Drivers/STM32F1xx_HAL_Driver/Src/stm32f1xx_hal_tim_ex.o
 .debug_aranges
                0x0000000000000ae8       0xf0 ./Drivers/STM32F1xx_HAL_Driver/Src/stm32f1xx_ll_usb.o
 .debug_aranges
                0x0000000000000bd8       0x68 ./Middlewares/ST/STM32_USB_Device_Library/Class/HID/Src/usbd_hid.o
 .debug_aranges
                0x0000000000000c40       0xb8 ./Middlewares/ST/STM32_USB_Device_Library/Core/Src/usbd_core.o
 .debug_aranges
                0x0000000000000cf8       0x88 ./Middlewares/ST/STM32_USB_Device_Library/Core/Src/usbd_ctlreq.o
 .debug_aranges
                0x0000000000000d80       0x50 ./Middlewares/ST/STM32_USB_Device_Library/Core/Src/usbd_ioreq.o
 .debug_aranges
                0x0000000000000dd0       0x20 ./USB_DEVICE/App/usb_device.o
 .debug_aranges
                0x0000000000000df0       0x60 ./USB_DEVICE/App/usbd_desc.o
 .debug_aranges
                0x0000000000000e50      0x118 ./USB_DEVICE/Target/usbd_conf.o

.debug_ranges   0x0000000000000000      0xe10
 .debug_ranges  0x0000000000000000       0x40 ./Core/Src/main.o
 .debug_ranges  0x0000000000000040       0x20 ./Core/Src/stm32f1xx_hal_msp.o
 .debug_ranges  0x0000000000000060       0x68 ./Core/Src/stm32f1xx_it.o
 .debug_ranges  0x00000000000000c8       0x18 ./Core/Src/system_stm32f1xx.o
 .debug_ranges  0x00000000000000e0       0x20 ./Core/Startup/startup_stm32f103cbtx.o
 .debug_ranges  0x0000000000000100       0xd0 ./Drivers/STM32F1xx_HAL_Driver/Src/stm32f1xx_hal.o
 .debug_ranges  0x00000000000001d0       0xf0 ./Drivers/STM32F1xx_HAL_Driver/Src/stm32f1xx_hal_cortex.o
 .debug_ranges  0x00000000000002c0       0x48 ./Drivers/STM32F1xx_HAL_Driver/Src/stm32f1xx_hal_gpio.o
 .debug_ranges  0x0000000000000308      0x128 ./Drivers/STM32F1xx_HAL_Driver/Src/stm32f1xx_hal_pcd.o
 .debug_ranges  0x0000000000000430       0x28 ./Drivers/STM32F1xx_HAL_Driver/Src/stm32f1xx_hal_pcd_ex.o
 .debug_ranges  0x0000000000000458       0x80 ./Drivers/STM32F1xx_HAL_Driver/Src/stm32f1xx_hal_rcc.o
 .debug_ranges  0x00000000000004d8       0x20 ./Drivers/STM32F1xx_HAL_Driver/Src/stm32f1xx_hal_rcc_ex.o
 .debug_ranges  0x00000000000004f8      0x3c0 ./Drivers/STM32F1xx_HAL_Driver/Src/stm32f1xx_hal_tim.o
 .debug_ranges  0x00000000000008b8      0x158 ./Drivers/STM32F1xx_HAL_Driver/Src/stm32f1xx_hal_tim_ex.o
 .debug_ranges  0x0000000000000a10       0xe0 ./Drivers/STM32F1xx_HAL_Driver/Src/stm32f1xx_ll_usb.o
 .debug_ranges  0x0000000000000af0       0x58 ./Middlewares/ST/STM32_USB_Device_Library/Class/HID/Src/usbd_hid.o
 .debug_ranges  0x0000000000000b48       0xa8 ./Middlewares/ST/STM32_USB_Device_Library/Core/Src/usbd_core.o
 .debug_ranges  0x0000000000000bf0       0x78 ./Middlewares/ST/STM32_USB_Device_Library/Core/Src/usbd_ctlreq.o
 .debug_ranges  0x0000000000000c68       0x40 ./Middlewares/ST/STM32_USB_Device_Library/Core/Src/usbd_ioreq.o
 .debug_ranges  0x0000000000000ca8       0x10 ./USB_DEVICE/App/usb_device.o
 .debug_ranges  0x0000000000000cb8       0x50 ./USB_DEVICE/App/usbd_desc.o
 .debug_ranges  0x0000000000000d08      0x108 ./USB_DEVICE/Target/usbd_conf.o

.debug_macro    0x0000000000000000    0x1a109
 .debug_macro   0x0000000000000000      0x3c0 ./Core/Src/main.o
 .debug_macro   0x00000000000003c0      0xa9c ./Core/Src/main.o
 .debug_macro   0x0000000000000e5c      0x21b ./Core/Src/main.o
 .debug_macro   0x0000000000001077       0x2e ./Core/Src/main.o
 .debug_macro   0x00000000000010a5       0x22 ./Core/Src/main.o
 .debug_macro   0x00000000000010c7       0x22 ./Core/Src/main.o
 .debug_macro   0x00000000000010e9       0x8e ./Core/Src/main.o
 .debug_macro   0x0000000000001177       0x51 ./Core/Src/main.o
 .debug_macro   0x00000000000011c8      0x103 ./Core/Src/main.o
 .debug_macro   0x00000000000012cb       0x6a ./Core/Src/main.o
 .debug_macro   0x0000000000001335      0x1df ./Core/Src/main.o
 .debug_macro   0x0000000000001514       0x1c ./Core/Src/main.o
 .debug_macro   0x0000000000001530       0x22 ./Core/Src/main.o
 .debug_macro   0x0000000000001552       0xc3 ./Core/Src/main.o
 .debug_macro   0x0000000000001615      0xd23 ./Core/Src/main.o
 .debug_macro   0x0000000000002338     0xe09e ./Core/Src/main.o
 .debug_macro   0x00000000000103d6       0x6d ./Core/Src/main.o
 .debug_macro   0x0000000000010443     0x3468 ./Core/Src/main.o
 .debug_macro   0x00000000000138ab      0x174 ./Core/Src/main.o
 .debug_macro   0x0000000000013a1f       0x5c ./Core/Src/main.o
 .debug_macro   0x0000000000013a7b      0x5be ./Core/Src/main.o
 .debug_macro   0x0000000000014039      0x289 ./Core/Src/main.o
 .debug_macro   0x00000000000142c2      0x1cb ./Core/Src/main.o
 .debug_macro   0x000000000001448d      0x114 ./Core/Src/main.o
 .debug_macro   0x00000000000145a1      0x1b2 ./Core/Src/main.o
 .debug_macro   0x0000000000014753       0x27 ./Core/Src/main.o
 .debug_macro   0x000000000001477a      0x136 ./Core/Src/main.o
 .debug_macro   0x00000000000148b0      0x1bc ./Core/Src/main.o
 .debug_macro   0x0000000000014a6c       0x34 ./Core/Src/main.o
 .debug_macro   0x0000000000014aa0       0x3c ./Core/Src/main.o
 .debug_macro   0x0000000000014adc       0x57 ./Core/Src/main.o
 .debug_macro   0x0000000000014b33       0x88 ./Core/Src/main.o
 .debug_macro   0x0000000000014bbb      0x241 ./Core/Src/main.o
 .debug_macro   0x0000000000014dfc      0x141 ./Core/Src/main.o
 .debug_macro   0x0000000000014f3d      0x8d1 ./Core/Src/main.o
 .debug_macro   0x000000000001580e       0x65 ./Core/Src/main.o
 .debug_macro   0x0000000000015873      0x249 ./Core/Src/main.o
 .debug_macro   0x0000000000015abc       0x83 ./Core/Src/main.o
 .debug_macro   0x0000000000015b3f       0x58 ./Core/Src/main.o
 .debug_macro   0x0000000000015b97       0x52 ./Core/Src/main.o
 .debug_macro   0x0000000000015be9       0x18 ./Core/Src/main.o
 .debug_macro   0x0000000000015c01       0x3c ./Core/Src/main.o
 .debug_macro   0x0000000000015c3d       0x34 ./Core/Src/main.o
 .debug_macro   0x0000000000015c71       0x16 ./Core/Src/main.o
 .debug_macro   0x0000000000015c87       0x35 ./Core/Src/main.o
 .debug_macro   0x0000000000015cbc      0x333 ./Core/Src/main.o
 .debug_macro   0x0000000000015fef       0x10 ./Core/Src/main.o
 .debug_macro   0x0000000000015fff       0x16 ./Core/Src/main.o
 .debug_macro   0x0000000000016015       0x43 ./Core/Src/main.o
 .debug_macro   0x0000000000016058       0x34 ./Core/Src/main.o
 .debug_macro   0x000000000001608c       0x10 ./Core/Src/main.o
 .debug_macro   0x000000000001609c       0x58 ./Core/Src/main.o
 .debug_macro   0x00000000000160f4       0x71 ./Core/Src/main.o
 .debug_macro   0x0000000000016165       0x1c ./Core/Src/main.o
 .debug_macro   0x0000000000016181      0x12a ./Core/Src/main.o
 .debug_macro   0x00000000000162ab       0x10 ./Core/Src/main.o
 .debug_macro   0x00000000000162bb       0x1c ./Core/Src/main.o
 .debug_macro   0x00000000000162d7       0x52 ./Core/Src/main.o
 .debug_macro   0x0000000000016329       0x22 ./Core/Src/main.o
 .debug_macro   0x000000000001634b       0x10 ./Core/Src/main.o
 .debug_macro   0x000000000001635b       0x40 ./Core/Src/main.o
 .debug_macro   0x000000000001639b       0xd5 ./Core/Src/main.o
 .debug_macro   0x0000000000016470       0x1c ./Core/Src/main.o
 .debug_macro   0x000000000001648c       0x3d ./Core/Src/main.o
 .debug_macro   0x00000000000164c9       0x16 ./Core/Src/main.o
 .debug_macro   0x00000000000164df      0x145 ./Core/Src/main.o
 .debug_macro   0x0000000000016624       0x16 ./Core/Src/main.o
 .debug_macro   0x000000000001663a       0x16 ./Core/Src/main.o
 .debug_macro   0x0000000000016650       0x29 ./Core/Src/main.o
 .debug_macro   0x0000000000016679       0x16 ./Core/Src/main.o
 .debug_macro   0x000000000001668f       0x20 ./Core/Src/main.o
 .debug_macro   0x00000000000166af       0x60 ./Core/Src/main.o
 .debug_macro   0x000000000001670f      0x1c8 ./Core/Src/main.o
 .debug_macro   0x00000000000168d7       0x22 ./Core/Src/main.o
 .debug_macro   0x00000000000168f9      0x1cc ./Core/Src/stm32f1xx_hal_msp.o
 .debug_macro   0x0000000000016ac5      0x1d6 ./Core/Src/stm32f1xx_it.o
 .debug_macro   0x0000000000016c9b      0x1bd ./Core/Src/system_stm32f1xx.o
 .debug_macro   0x0000000000016e58      0x1e1 ./Drivers/STM32F1xx_HAL_Driver/Src/stm32f1xx_hal.o
 .debug_macro   0x0000000000017039      0x1bd ./Drivers/STM32F1xx_HAL_Driver/Src/stm32f1xx_hal_cortex.o
 .debug_macro   0x00000000000171f6      0x228 ./Drivers/STM32F1xx_HAL_Driver/Src/stm32f1xx_hal_gpio.o
 .debug_macro   0x000000000001741e      0x1c9 ./Drivers/STM32F1xx_HAL_Driver/Src/stm32f1xx_hal_pcd.o
 .debug_macro   0x00000000000175e7      0x1bd ./Drivers/STM32F1xx_HAL_Driver/Src/stm32f1xx_hal_pcd_ex.o
 .debug_macro   0x00000000000177a4      0x1cf ./Drivers/STM32F1xx_HAL_Driver/Src/stm32f1xx_hal_rcc.o
 .debug_macro   0x0000000000017973      0x1bd ./Drivers/STM32F1xx_HAL_Driver/Src/stm32f1xx_hal_rcc_ex.o
 .debug_macro   0x0000000000017b30      0x1be ./Drivers/STM32F1xx_HAL_Driver/Src/stm32f1xx_hal_tim.o
 .debug_macro   0x0000000000017cee      0x1bd ./Drivers/STM32F1xx_HAL_Driver/Src/stm32f1xx_hal_tim_ex.o
 .debug_macro   0x0000000000017eab      0x1bd ./Drivers/STM32F1xx_HAL_Driver/Src/stm32f1xx_ll_usb.o
 .debug_macro   0x0000000000018068      0x3e2 ./Middlewares/ST/STM32_USB_Device_Library/Class/HID/Src/usbd_hid.o
 .debug_macro   0x000000000001844a       0x97 ./Middlewares/ST/STM32_USB_Device_Library/Class/HID/Src/usbd_hid.o
 .debug_macro   0x00000000000184e1       0xfd ./Middlewares/ST/STM32_USB_Device_Library/Class/HID/Src/usbd_hid.o
 .debug_macro   0x00000000000185de       0xbd ./Middlewares/ST/STM32_USB_Device_Library/Class/HID/Src/usbd_hid.o
 .debug_macro   0x000000000001869b       0x56 ./Middlewares/ST/STM32_USB_Device_Library/Class/HID/Src/usbd_hid.o
 .debug_macro   0x00000000000186f1       0x5e ./Middlewares/ST/STM32_USB_Device_Library/Class/HID/Src/usbd_hid.o
 .debug_macro   0x000000000001874f      0x3c9 ./Middlewares/ST/STM32_USB_Device_Library/Core/Src/usbd_core.o
 .debug_macro   0x0000000000018b18      0x1ce ./Middlewares/ST/STM32_USB_Device_Library/Core/Src/usbd_core.o
 .debug_macro   0x0000000000018ce6      0x3d3 ./Middlewares/ST/STM32_USB_Device_Library/Core/Src/usbd_ctlreq.o
 .debug_macro   0x00000000000190b9      0x3cf ./Middlewares/ST/STM32_USB_Device_Library/Core/Src/usbd_ioreq.o
 .debug_macro   0x0000000000019488      0x3f9 ./USB_DEVICE/App/usb_device.o
 .debug_macro   0x0000000000019881       0x5e ./USB_DEVICE/App/usb_device.o
 .debug_macro   0x00000000000198df       0x22 ./USB_DEVICE/App/usb_device.o
 .debug_macro   0x0000000000019901      0x406 ./USB_DEVICE/App/usbd_desc.o
 .debug_macro   0x0000000000019d07       0x1c ./USB_DEVICE/App/usbd_desc.o
 .debug_macro   0x0000000000019d23      0x3e6 ./USB_DEVICE/Target/usbd_conf.o

.debug_line     0x0000000000000000    0x1205c
 .debug_line    0x0000000000000000      0xb9e ./Core/Src/main.o
 .debug_line    0x0000000000000b9e      0x6e7 ./Core/Src/stm32f1xx_hal_msp.o
 .debug_line    0x0000000000001285      0x792 ./Core/Src/stm32f1xx_it.o
 .debug_line    0x0000000000001a17      0x706 ./Core/Src/system_stm32f1xx.o
 .debug_line    0x000000000000211d       0x87 ./Core/Startup/startup_stm32f103cbtx.o
 .debug_line    0x00000000000021a4      0x933 ./Drivers/STM32F1xx_HAL_Driver/Src/stm32f1xx_hal.o
 .debug_line    0x0000000000002ad7      0xb1b ./Drivers/STM32F1xx_HAL_Driver/Src/stm32f1xx_hal_cortex.o
 .debug_line    0x00000000000035f2      0x9ca ./Drivers/STM32F1xx_HAL_Driver/Src/stm32f1xx_hal_gpio.o
 .debug_line    0x0000000000003fbc     0x1321 ./Drivers/STM32F1xx_HAL_Driver/Src/stm32f1xx_hal_pcd.o
 .debug_line    0x00000000000052dd      0x701 ./Drivers/STM32F1xx_HAL_Driver/Src/stm32f1xx_hal_pcd_ex.o
 .debug_line    0x00000000000059de      0xd41 ./Drivers/STM32F1xx_HAL_Driver/Src/stm32f1xx_hal_rcc.o
 .debug_line    0x000000000000671f      0x87f ./Drivers/STM32F1xx_HAL_Driver/Src/stm32f1xx_hal_rcc_ex.o
 .debug_line    0x0000000000006f9e     0x32dc ./Drivers/STM32F1xx_HAL_Driver/Src/stm32f1xx_hal_tim.o
 .debug_line    0x000000000000a27a     0x185b ./Drivers/STM32F1xx_HAL_Driver/Src/stm32f1xx_hal_tim_ex.o
 .debug_line    0x000000000000bad5     0x103b ./Drivers/STM32F1xx_HAL_Driver/Src/stm32f1xx_ll_usb.o
 .debug_line    0x000000000000cb10      0xbc5 ./Middlewares/ST/STM32_USB_Device_Library/Class/HID/Src/usbd_hid.o
 .debug_line    0x000000000000d6d5      0xd8c ./Middlewares/ST/STM32_USB_Device_Library/Core/Src/usbd_core.o
 .debug_line    0x000000000000e461      0xfab ./Middlewares/ST/STM32_USB_Device_Library/Core/Src/usbd_ctlreq.o
 .debug_line    0x000000000000f40c      0xa22 ./Middlewares/ST/STM32_USB_Device_Library/Core/Src/usbd_ioreq.o
 .debug_line    0x000000000000fe2e      0x9c8 ./USB_DEVICE/App/usb_device.o
 .debug_line    0x00000000000107f6      0xaab ./USB_DEVICE/App/usbd_desc.o
 .debug_line    0x00000000000112a1      0xdbb ./USB_DEVICE/Target/usbd_conf.o

.debug_str      0x0000000000000000    0x8cf53
 .debug_str     0x0000000000000000    0x8954b ./Core/Src/main.o
                                      0x89a6b (size before relaxing)
 .debug_str     0x000000000008954b      0x2f4 ./Core/Src/stm32f1xx_hal_msp.o
                                      0x84aad (size before relaxing)
 .debug_str     0x000000000008983f      0x3be ./Core/Src/stm32f1xx_it.o
                                      0x84b26 (size before relaxing)
 .debug_str     0x0000000000089bfd       0x52 ./Core/Src/system_stm32f1xx.o
                                      0x841c5 (size before relaxing)
 .debug_str     0x0000000000089c4f       0x36 ./Core/Startup/startup_stm32f103cbtx.o
                                         0x92 (size before relaxing)
 .debug_str     0x0000000000089c85      0x2fa ./Drivers/STM32F1xx_HAL_Driver/Src/stm32f1xx_hal.o
                                      0x84856 (size before relaxing)
 .debug_str     0x0000000000089f7f      0x2d8 ./Drivers/STM32F1xx_HAL_Driver/Src/stm32f1xx_hal_cortex.o
                                      0x8485e (size before relaxing)
 .debug_str     0x000000000008a257      0x324 ./Drivers/STM32F1xx_HAL_Driver/Src/stm32f1xx_hal_gpio.o
                                      0x84589 (size before relaxing)
 .debug_str     0x000000000008a57b      0x3e5 ./Drivers/STM32F1xx_HAL_Driver/Src/stm32f1xx_hal_pcd.o
                                      0x84918 (size before relaxing)
 .debug_str     0x000000000008a960      0x18d ./Drivers/STM32F1xx_HAL_Driver/Src/stm32f1xx_hal_pcd_ex.o
                                      0x84665 (size before relaxing)
 .debug_str     0x000000000008aaed      0x24f ./Drivers/STM32F1xx_HAL_Driver/Src/stm32f1xx_hal_rcc.o
                                      0x845c2 (size before relaxing)
 .debug_str     0x000000000008ad3c       0xb9 ./Drivers/STM32F1xx_HAL_Driver/Src/stm32f1xx_hal_rcc_ex.o
                                      0x8434f (size before relaxing)
 .debug_str     0x000000000008adf5      0xdc0 ./Drivers/STM32F1xx_HAL_Driver/Src/stm32f1xx_hal_tim.o
                                      0x85594 (size before relaxing)
 .debug_str     0x000000000008bbb5      0x4ee ./Drivers/STM32F1xx_HAL_Driver/Src/stm32f1xx_hal_tim_ex.o
                                      0x84d45 (size before relaxing)
 .debug_str     0x000000000008c0a3      0x2a7 ./Drivers/STM32F1xx_HAL_Driver/Src/stm32f1xx_ll_usb.o
                                      0x84698 (size before relaxing)
 .debug_str     0x000000000008c34a      0x425 ./Middlewares/ST/STM32_USB_Device_Library/Class/HID/Src/usbd_hid.o
                                      0x895d1 (size before relaxing)
 .debug_str     0x000000000008c76f      0x1a2 ./Middlewares/ST/STM32_USB_Device_Library/Core/Src/usbd_core.o
                                      0x893da (size before relaxing)
 .debug_str     0x000000000008c911      0x12f ./Middlewares/ST/STM32_USB_Device_Library/Core/Src/usbd_ctlreq.o
                                      0x89360 (size before relaxing)
 .debug_str     0x000000000008ca40       0xc9 ./Middlewares/ST/STM32_USB_Device_Library/Core/Src/usbd_ioreq.o
                                      0x892e8 (size before relaxing)
 .debug_str     0x000000000008cb09       0xb5 ./USB_DEVICE/App/usb_device.o
                                      0x89454 (size before relaxing)
 .debug_str     0x000000000008cbbe      0x241 ./USB_DEVICE/App/usbd_desc.o
                                      0x8923c (size before relaxing)
 .debug_str     0x000000000008cdff      0x154 ./USB_DEVICE/Target/usbd_conf.o
                                      0x89da2 (size before relaxing)

.comment        0x0000000000000000       0x53
 .comment       0x0000000000000000       0x53 ./Core/Src/main.o
                                         0x54 (size before relaxing)
 .comment       0x0000000000000053       0x54 ./Core/Src/stm32f1xx_hal_msp.o
 .comment       0x0000000000000053       0x54 ./Core/Src/stm32f1xx_it.o
 .comment       0x0000000000000053       0x54 ./Core/Src/system_stm32f1xx.o
 .comment       0x0000000000000053       0x54 ./Drivers/STM32F1xx_HAL_Driver/Src/stm32f1xx_hal.o
 .comment       0x0000000000000053       0x54 ./Drivers/STM32F1xx_HAL_Driver/Src/stm32f1xx_hal_cortex.o
 .comment       0x0000000000000053       0x54 ./Drivers/STM32F1xx_HAL_Driver/Src/stm32f1xx_hal_gpio.o
 .comment       0x0000000000000053       0x54 ./Drivers/STM32F1xx_HAL_Driver/Src/stm32f1xx_hal_pcd.o
 .comment       0x0000000000000053       0x54 ./Drivers/STM32F1xx_HAL_Driver/Src/stm32f1xx_hal_pcd_ex.o
 .comment       0x0000000000000053       0x54 ./Drivers/STM32F1xx_HAL_Driver/Src/stm32f1xx_hal_rcc.o
 .comment       0x0000000000000053       0x54 ./Drivers/STM32F1xx_HAL_Driver/Src/stm32f1xx_hal_rcc_ex.o
 .comment       0x0000000000000053       0x54 ./Drivers/STM32F1xx_HAL_Driver/Src/stm32f1xx_hal_tim.o
 .comment       0x0000000000000053       0x54 ./Drivers/STM32F1xx_HAL_Driver/Src/stm32f1xx_hal_tim_ex.o
 .comment       0x0000000000000053       0x54 ./Drivers/STM32F1xx_HAL_Driver/Src/stm32f1xx_ll_usb.o
 .comment       0x0000000000000053       0x54 ./Middlewares/ST/STM32_USB_Device_Library/Class/HID/Src/usbd_hid.o
 .comment       0x0000000000000053       0x54 ./Middlewares/ST/STM32_USB_Device_Library/Core/Src/usbd_core.o
 .comment       0x0000000000000053       0x54 ./Middlewares/ST/STM32_USB_Device_Library/Core/Src/usbd_ctlreq.o
 .comment       0x0000000000000053       0x54 ./Middlewares/ST/STM32_USB_Device_Library/Core/Src/usbd_ioreq.o
 .comment       0x0000000000000053       0x54 ./USB_DEVICE/App/usb_device.o
 .comment       0x0000000000000053       0x54 ./USB_DEVICE/App/usbd_desc.o
 .comment       0x0000000000000053       0x54 ./USB_DEVICE/Target/usbd_conf.o

.debug_frame    0x0000000000000000     0x3f0c
 .debug_frame   0x0000000000000000       0xfc ./Core/Src/main.o
 .debug_frame   0x00000000000000fc       0x80 ./Core/Src/stm32f1xx_hal_msp.o
 .debug_frame   0x000000000000017c      0x158 ./Core/Src/stm32f1xx_it.o
 .debug_frame   0x00000000000002d4       0x58 ./Core/Src/system_stm32f1xx.o
 .debug_frame   0x000000000000032c      0x334 ./Drivers/STM32F1xx_HAL_Driver/Src/stm32f1xx_hal.o
 .debug_frame   0x0000000000000660      0x428 ./Drivers/STM32F1xx_HAL_Driver/Src/stm32f1xx_hal_cortex.o
 .debug_frame   0x0000000000000a88      0x14c ./Drivers/STM32F1xx_HAL_Driver/Src/stm32f1xx_hal_gpio.o
 .debug_frame   0x0000000000000bd4      0x578 ./Drivers/STM32F1xx_HAL_Driver/Src/stm32f1xx_hal_pcd.o
 .debug_frame   0x000000000000114c       0xb0 ./Drivers/STM32F1xx_HAL_Driver/Src/stm32f1xx_hal_pcd_ex.o
 .debug_frame   0x00000000000011fc      0x21c ./Drivers/STM32F1xx_HAL_Driver/Src/stm32f1xx_hal_rcc.o
 .debug_frame   0x0000000000001418       0x84 ./Drivers/STM32F1xx_HAL_Driver/Src/stm32f1xx_hal_rcc_ex.o
 .debug_frame   0x000000000000149c     0x11b8 ./Drivers/STM32F1xx_HAL_Driver/Src/stm32f1xx_hal_tim.o
 .debug_frame   0x0000000000002654      0x638 ./Drivers/STM32F1xx_HAL_Driver/Src/stm32f1xx_hal_tim_ex.o
 .debug_frame   0x0000000000002c8c      0x450 ./Drivers/STM32F1xx_HAL_Driver/Src/stm32f1xx_ll_usb.o
 .debug_frame   0x00000000000030dc      0x190 ./Middlewares/ST/STM32_USB_Device_Library/Class/HID/Src/usbd_hid.o
 .debug_frame   0x000000000000326c      0x300 ./Middlewares/ST/STM32_USB_Device_Library/Core/Src/usbd_core.o
 .debug_frame   0x000000000000356c      0x218 ./Middlewares/ST/STM32_USB_Device_Library/Core/Src/usbd_ctlreq.o
 .debug_frame   0x0000000000003784      0x10c ./Middlewares/ST/STM32_USB_Device_Library/Core/Src/usbd_ioreq.o
 .debug_frame   0x0000000000003890       0x2c ./USB_DEVICE/App/usb_device.o
 .debug_frame   0x00000000000038bc      0x160 ./USB_DEVICE/App/usbd_desc.o
 .debug_frame   0x0000000000003a1c      0x4a4 ./USB_DEVICE/Target/usbd_conf.o
 .debug_frame   0x0000000000003ec0       0x2c /opt/st/stm32cubeide_1.7.0/plugins/com.st.stm32cube.ide.mcu.externaltools.gnu-tools-for-stm32.9-2020-q2-update.linux64_2.0.0.202105311346/tools/bin/../lib/gcc/arm-none-eabi/9.3.1/../../../../arm-none-eabi/lib/thumb/v7-m/nofp/libc_nano.a(lib_a-init.o)
 .debug_frame   0x0000000000003eec       0x20 /opt/st/stm32cubeide_1.7.0/plugins/com.st.stm32cube.ide.mcu.externaltools.gnu-tools-for-stm32.9-2020-q2-update.linux64_2.0.0.202105311346/tools/bin/../lib/gcc/arm-none-eabi/9.3.1/../../../../arm-none-eabi/lib/thumb/v7-m/nofp/libc_nano.a(lib_a-memset.o)
